/home/emilio/ManchesterRobotics/ch1_ws/src/install/motor_control/lib/python3.10/site-packages/motor_control/dc_motor.py
/home/emilio/ManchesterRobotics/ch1_ws/src/install/motor_control/lib/python3.10/site-packages/motor_control/controller.py
/home/emilio/ManchesterRobotics/ch1_ws/src/install/motor_control/lib/python3.10/site-packages/motor_control/__init__.py
/home/emilio/ManchesterRobotics/ch1_ws/src/install/motor_control/lib/python3.10/site-packages/motor_control/set_point.py
/home/emilio/ManchesterRobotics/ch1_ws/src/install/motor_control/lib/python3.10/site-packages/motor_control/__pycache__/dc_motor.cpython-310.pyc
/home/emilio/ManchesterRobotics/ch1_ws/src/install/motor_control/lib/python3.10/site-packages/motor_control/__pycache__/controller.cpython-310.pyc
/home/emilio/ManchesterRobotics/ch1_ws/src/install/motor_control/lib/python3.10/site-packages/motor_control/__pycache__/__init__.cpython-310.pyc
/home/emilio/ManchesterRobotics/ch1_ws/src/install/motor_control/lib/python3.10/site-packages/motor_control/__pycache__/set_point.cpython-310.pyc
/home/emilio/ManchesterRobotics/ch1_ws/src/install/motor_control/share/ament_index/resource_index/packages/motor_control
/home/emilio/ManchesterRobotics/ch1_ws/src/install/motor_control/share/motor_control/package.xml
/home/emilio/ManchesterRobotics/ch1_ws/src/install/motor_control/share/motor_control/launch/motor_launch.py
/home/emilio/ManchesterRobotics/ch1_ws/src/install/motor_control/share/motor_control/config/params.yaml
/home/emilio/ManchesterRobotics/ch1_ws/src/install/motor_control/lib/python3.10/site-packages/motor_control-0.0.0-py3.10.egg-info/entry_points.txt
/home/emilio/ManchesterRobotics/ch1_ws/src/install/motor_control/lib/python3.10/site-packages/motor_control-0.0.0-py3.10.egg-info/PKG-INFO
/home/emilio/ManchesterRobotics/ch1_ws/src/install/motor_control/lib/python3.10/site-packages/motor_control-0.0.0-py3.10.egg-info/requires.txt
/home/emilio/ManchesterRobotics/ch1_ws/src/install/motor_control/lib/python3.10/site-packages/motor_control-0.0.0-py3.10.egg-info/top_level.txt
/home/emilio/ManchesterRobotics/ch1_ws/src/install/motor_control/lib/python3.10/site-packages/motor_control-0.0.0-py3.10.egg-info/dependency_links.txt
/home/emilio/ManchesterRobotics/ch1_ws/src/install/motor_control/lib/python3.10/site-packages/motor_control-0.0.0-py3.10.egg-info/zip-safe
/home/emilio/ManchesterRobotics/ch1_ws/src/install/motor_control/lib/python3.10/site-packages/motor_control-0.0.0-py3.10.egg-info/SOURCES.txt
/home/emilio/ManchesterRobotics/ch1_ws/src/install/motor_control/lib/motor_control/controller
/home/emilio/ManchesterRobotics/ch1_ws/src/install/motor_control/lib/motor_control/dc_motor
/home/emilio/ManchesterRobotics/ch1_ws/src/install/motor_control/lib/motor_control/set_point
