[0.754s] Invoking command in '/home/emilio/ManchesterRobotics/ch1_ws/src/motor_control': PYTHONPATH=/home/emilio/ManchesterRobotics/ch1_ws/build/motor_control/prefix_override:/usr/lib/python3/dist-packages/colcon_core/task/python/colcon_distutils_commands:/home/emilio/ManchesterRobotics/ch1_ws/install/motor_control/lib/python3.10/site-packages: /usr/bin/python3 -W ignore:setup.py install is deprecated -W ignore:easy_install command is deprecated setup.py egg_info --egg-base ../../build/motor_control build --build-base /home/emilio/ManchesterRobotics/ch1_ws/build/motor_control/build install --record /home/emilio/ManchesterRobotics/ch1_ws/build/motor_control/install.log --single-version-externally-managed install_data
[0.887s] running egg_info
[0.888s] creating ../../build/motor_control/motor_control.egg-info
[0.888s] writing ../../build/motor_control/motor_control.egg-info/PKG-INFO
[0.888s] writing dependency_links to ../../build/motor_control/motor_control.egg-info/dependency_links.txt
[0.888s] writing entry points to ../../build/motor_control/motor_control.egg-info/entry_points.txt
[0.888s] writing requirements to ../../build/motor_control/motor_control.egg-info/requires.txt
[0.888s] writing top-level names to ../../build/motor_control/motor_control.egg-info/top_level.txt
[0.888s] writing manifest file '../../build/motor_control/motor_control.egg-info/SOURCES.txt'
[0.889s] reading manifest file '../../build/motor_control/motor_control.egg-info/SOURCES.txt'
[0.889s] adding license file 'LICENSE'
[0.889s] writing manifest file '../../build/motor_control/motor_control.egg-info/SOURCES.txt'
[0.890s] running build
[0.890s] running build_py
[0.890s] creating /home/emilio/ManchesterRobotics/ch1_ws/build/motor_control/build
[0.890s] creating /home/emilio/ManchesterRobotics/ch1_ws/build/motor_control/build/lib
[0.890s] creating /home/emilio/ManchesterRobotics/ch1_ws/build/motor_control/build/lib/motor_control
[0.890s] copying motor_control/dc_motor.py -> /home/emilio/ManchesterRobotics/ch1_ws/build/motor_control/build/lib/motor_control
[0.890s] copying motor_control/controller.py -> /home/emilio/ManchesterRobotics/ch1_ws/build/motor_control/build/lib/motor_control
[0.890s] copying motor_control/__init__.py -> /home/emilio/ManchesterRobotics/ch1_ws/build/motor_control/build/lib/motor_control
[0.890s] copying motor_control/set_point.py -> /home/emilio/ManchesterRobotics/ch1_ws/build/motor_control/build/lib/motor_control
[0.890s] running install
[0.890s] running install_lib
[0.891s] creating /home/emilio/ManchesterRobotics/ch1_ws/install/motor_control/lib/python3.10/site-packages/motor_control
[0.891s] copying /home/emilio/ManchesterRobotics/ch1_ws/build/motor_control/build/lib/motor_control/dc_motor.py -> /home/emilio/ManchesterRobotics/ch1_ws/install/motor_control/lib/python3.10/site-packages/motor_control
[0.891s] copying /home/emilio/ManchesterRobotics/ch1_ws/build/motor_control/build/lib/motor_control/controller.py -> /home/emilio/ManchesterRobotics/ch1_ws/install/motor_control/lib/python3.10/site-packages/motor_control
[0.891s] copying /home/emilio/ManchesterRobotics/ch1_ws/build/motor_control/build/lib/motor_control/__init__.py -> /home/emilio/ManchesterRobotics/ch1_ws/install/motor_control/lib/python3.10/site-packages/motor_control
[0.891s] copying /home/emilio/ManchesterRobotics/ch1_ws/build/motor_control/build/lib/motor_control/set_point.py -> /home/emilio/ManchesterRobotics/ch1_ws/install/motor_control/lib/python3.10/site-packages/motor_control
[0.891s] byte-compiling /home/emilio/ManchesterRobotics/ch1_ws/install/motor_control/lib/python3.10/site-packages/motor_control/dc_motor.py to dc_motor.cpython-310.pyc
[0.892s] byte-compiling /home/emilio/ManchesterRobotics/ch1_ws/install/motor_control/lib/python3.10/site-packages/motor_control/controller.py to controller.cpython-310.pyc
[0.892s] byte-compiling /home/emilio/ManchesterRobotics/ch1_ws/install/motor_control/lib/python3.10/site-packages/motor_control/__init__.py to __init__.cpython-310.pyc
[0.892s] byte-compiling /home/emilio/ManchesterRobotics/ch1_ws/install/motor_control/lib/python3.10/site-packages/motor_control/set_point.py to set_point.cpython-310.pyc
[0.892s] running install_data
[0.892s] creating /home/emilio/ManchesterRobotics/ch1_ws/install/motor_control/share/ament_index
[0.893s] creating /home/emilio/ManchesterRobotics/ch1_ws/install/motor_control/share/ament_index/resource_index
[0.893s] creating /home/emilio/ManchesterRobotics/ch1_ws/install/motor_control/share/ament_index/resource_index/packages
[0.893s] copying resource/motor_control -> /home/emilio/ManchesterRobotics/ch1_ws/install/motor_control/share/ament_index/resource_index/packages
[0.893s] copying package.xml -> /home/emilio/ManchesterRobotics/ch1_ws/install/motor_control/share/motor_control
[0.893s] creating /home/emilio/ManchesterRobotics/ch1_ws/install/motor_control/share/motor_control/launch
[0.893s] copying launch/motor_launch.py -> /home/emilio/ManchesterRobotics/ch1_ws/install/motor_control/share/motor_control/launch
[0.893s] creating /home/emilio/ManchesterRobotics/ch1_ws/install/motor_control/share/motor_control/config
[0.893s] copying config/params.yaml -> /home/emilio/ManchesterRobotics/ch1_ws/install/motor_control/share/motor_control/config
[0.893s] running install_egg_info
[0.894s] Copying ../../build/motor_control/motor_control.egg-info to /home/emilio/ManchesterRobotics/ch1_ws/install/motor_control/lib/python3.10/site-packages/motor_control-0.0.0-py3.10.egg-info
[0.895s] running install_scripts
[0.910s] Installing controller script to /home/emilio/ManchesterRobotics/ch1_ws/install/motor_control/lib/motor_control
[0.910s] Installing dc_motor script to /home/emilio/ManchesterRobotics/ch1_ws/install/motor_control/lib/motor_control
[0.910s] Installing set_point script to /home/emilio/ManchesterRobotics/ch1_ws/install/motor_control/lib/motor_control
[0.910s] writing list of installed files to '/home/emilio/ManchesterRobotics/ch1_ws/build/motor_control/install.log'
[0.942s] Invoked command in '/home/emilio/ManchesterRobotics/ch1_ws/src/motor_control' returned '0': PYTHONPATH=/home/emilio/ManchesterRobotics/ch1_ws/build/motor_control/prefix_override:/usr/lib/python3/dist-packages/colcon_core/task/python/colcon_distutils_commands:/home/emilio/ManchesterRobotics/ch1_ws/install/motor_control/lib/python3.10/site-packages: /usr/bin/python3 -W ignore:setup.py install is deprecated -W ignore:easy_install command is deprecated setup.py egg_info --egg-base ../../build/motor_control build --build-base /home/emilio/ManchesterRobotics/ch1_ws/build/motor_control/build install --record /home/emilio/ManchesterRobotics/ch1_ws/build/motor_control/install.log --single-version-externally-managed install_data
