[0.078s] DEBUG:colcon:Command line arguments: ['/usr/bin/colcon', 'build']
[0.078s] DEBUG:colcon:Parsed command line arguments: Namespace(log_base=None, log_level=None, verb_name='build', build_base='build', install_base='install', merge_install=False, symlink_install=False, test_result_base=None, continue_on_error=False, executor='parallel', parallel_workers=16, event_handlers=None, ignore_user_meta=False, metas=['./colcon.meta'], base_paths=['.'], packages_ignore=None, packages_ignore_regex=None, paths=None, packages_up_to=None, packages_up_to_regex=None, packages_above=None, packages_above_and_dependencies=None, packages_above_depth=None, packages_select_by_dep=None, packages_skip_by_dep=None, packages_skip_up_to=None, packages_select_build_failed=False, packages_skip_build_finished=False, packages_select_test_failures=False, packages_skip_test_passed=False, packages_select=None, packages_skip=None, packages_select_regex=None, packages_skip_regex=None, packages_start=None, packages_end=None, allow_overriding=[], cmake_args=None, cmake_target=None, cmake_target_skip_unavailable=False, cmake_clean_cache=False, cmake_clean_first=False, cmake_force_configure=False, ament_cmake_args=None, catkin_cmake_args=None, catkin_skip_building_tests=False, mixin_files=None, mixin=None, verb_parser=<colcon_mixin.mixin.mixin_argument.MixinArgumentDecorator object at 0x705943856830>, verb_extension=<colcon_core.verb.build.BuildVerb object at 0x7059438562c0>, main=<bound method BuildVerb.main of <colcon_core.verb.build.BuildVerb object at 0x7059438562c0>>, mixin_verb=('build',))
[0.262s] Level 1:colcon.colcon_core.package_discovery:discover_packages(colcon_meta) check parameters
[0.262s] Level 1:colcon.colcon_core.package_discovery:discover_packages(recursive) check parameters
[0.262s] Level 1:colcon.colcon_core.package_discovery:discover_packages(ignore) check parameters
[0.262s] Level 1:colcon.colcon_core.package_discovery:discover_packages(path) check parameters
[0.262s] Level 1:colcon.colcon_core.package_discovery:discover_packages(colcon_meta) discover
[0.262s] Level 1:colcon.colcon_core.package_discovery:discover_packages(recursive) discover
[0.262s] INFO:colcon.colcon_core.package_discovery:Crawling recursively for packages in '/home/emilio/ManchesterRobotics/ch1_ws'
[0.262s] Level 1:colcon.colcon_core.package_identification:_identify(.) by extensions ['ignore', 'ignore_ament_install']
[0.262s] Level 1:colcon.colcon_core.package_identification:_identify(.) by extension 'ignore'
[0.262s] Level 1:colcon.colcon_core.package_identification:_identify(.) by extension 'ignore_ament_install'
[0.262s] Level 1:colcon.colcon_core.package_identification:_identify(.) by extensions ['colcon_pkg']
[0.262s] Level 1:colcon.colcon_core.package_identification:_identify(.) by extension 'colcon_pkg'
[0.263s] Level 1:colcon.colcon_core.package_identification:_identify(.) by extensions ['colcon_meta']
[0.263s] Level 1:colcon.colcon_core.package_identification:_identify(.) by extension 'colcon_meta'
[0.263s] Level 1:colcon.colcon_core.package_identification:_identify(.) by extensions ['ros']
[0.263s] Level 1:colcon.colcon_core.package_identification:_identify(.) by extension 'ros'
[0.270s] Level 1:colcon.colcon_core.package_identification:_identify(.) by extensions ['cmake', 'python']
[0.270s] Level 1:colcon.colcon_core.package_identification:_identify(.) by extension 'cmake'
[0.270s] Level 1:colcon.colcon_core.package_identification:_identify(.) by extension 'python'
[0.270s] Level 1:colcon.colcon_core.package_identification:_identify(.) by extensions ['python_setup_py']
[0.270s] Level 1:colcon.colcon_core.package_identification:_identify(.) by extension 'python_setup_py'
[0.270s] Level 1:colcon.colcon_core.package_identification:_identify(build) by extensions ['ignore', 'ignore_ament_install']
[0.270s] Level 1:colcon.colcon_core.package_identification:_identify(build) by extension 'ignore'
[0.270s] Level 1:colcon.colcon_core.package_identification:_identify(build) ignored
[0.270s] Level 1:colcon.colcon_core.package_identification:_identify(install) by extensions ['ignore', 'ignore_ament_install']
[0.270s] Level 1:colcon.colcon_core.package_identification:_identify(install) by extension 'ignore'
[0.270s] Level 1:colcon.colcon_core.package_identification:_identify(install) ignored
[0.270s] Level 1:colcon.colcon_core.package_identification:_identify(log) by extensions ['ignore', 'ignore_ament_install']
[0.270s] Level 1:colcon.colcon_core.package_identification:_identify(log) by extension 'ignore'
[0.270s] Level 1:colcon.colcon_core.package_identification:_identify(log) ignored
[0.270s] Level 1:colcon.colcon_core.package_identification:_identify(src) by extensions ['ignore', 'ignore_ament_install']
[0.270s] Level 1:colcon.colcon_core.package_identification:_identify(src) by extension 'ignore'
[0.270s] Level 1:colcon.colcon_core.package_identification:_identify(src) by extension 'ignore_ament_install'
[0.270s] Level 1:colcon.colcon_core.package_identification:_identify(src) by extensions ['colcon_pkg']
[0.270s] Level 1:colcon.colcon_core.package_identification:_identify(src) by extension 'colcon_pkg'
[0.270s] Level 1:colcon.colcon_core.package_identification:_identify(src) by extensions ['colcon_meta']
[0.270s] Level 1:colcon.colcon_core.package_identification:_identify(src) by extension 'colcon_meta'
[0.271s] Level 1:colcon.colcon_core.package_identification:_identify(src) by extensions ['ros']
[0.271s] Level 1:colcon.colcon_core.package_identification:_identify(src) by extension 'ros'
[0.271s] Level 1:colcon.colcon_core.package_identification:_identify(src) by extensions ['cmake', 'python']
[0.271s] Level 1:colcon.colcon_core.package_identification:_identify(src) by extension 'cmake'
[0.271s] Level 1:colcon.colcon_core.package_identification:_identify(src) by extension 'python'
[0.271s] Level 1:colcon.colcon_core.package_identification:_identify(src) by extensions ['python_setup_py']
[0.271s] Level 1:colcon.colcon_core.package_identification:_identify(src) by extension 'python_setup_py'
[0.271s] Level 1:colcon.colcon_core.package_identification:_identify(src/build) by extensions ['ignore', 'ignore_ament_install']
[0.271s] Level 1:colcon.colcon_core.package_identification:_identify(src/build) by extension 'ignore'
[0.271s] Level 1:colcon.colcon_core.package_identification:_identify(src/build) ignored
[0.271s] Level 1:colcon.colcon_core.package_identification:_identify(src/challenge1) by extensions ['ignore', 'ignore_ament_install']
[0.272s] Level 1:colcon.colcon_core.package_identification:_identify(src/challenge1) by extension 'ignore'
[0.272s] Level 1:colcon.colcon_core.package_identification:_identify(src/challenge1) by extension 'ignore_ament_install'
[0.272s] Level 1:colcon.colcon_core.package_identification:_identify(src/challenge1) by extensions ['colcon_pkg']
[0.272s] Level 1:colcon.colcon_core.package_identification:_identify(src/challenge1) by extension 'colcon_pkg'
[0.272s] Level 1:colcon.colcon_core.package_identification:_identify(src/challenge1) by extensions ['colcon_meta']
[0.272s] Level 1:colcon.colcon_core.package_identification:_identify(src/challenge1) by extension 'colcon_meta'
[0.272s] Level 1:colcon.colcon_core.package_identification:_identify(src/challenge1) by extensions ['ros']
[0.272s] Level 1:colcon.colcon_core.package_identification:_identify(src/challenge1) by extension 'ros'
[0.273s] DEBUG:colcon.colcon_core.package_identification:Package 'src/challenge1' with type 'ros.ament_python' and name 'challenge1'
[0.273s] Level 1:colcon.colcon_core.package_identification:_identify(src/install) by extensions ['ignore', 'ignore_ament_install']
[0.273s] Level 1:colcon.colcon_core.package_identification:_identify(src/install) by extension 'ignore'
[0.273s] Level 1:colcon.colcon_core.package_identification:_identify(src/install) ignored
[0.274s] Level 1:colcon.colcon_core.package_identification:_identify(src/interfaces) by extensions ['ignore', 'ignore_ament_install']
[0.274s] Level 1:colcon.colcon_core.package_identification:_identify(src/interfaces) by extension 'ignore'
[0.274s] Level 1:colcon.colcon_core.package_identification:_identify(src/interfaces) by extension 'ignore_ament_install'
[0.274s] Level 1:colcon.colcon_core.package_identification:_identify(src/interfaces) by extensions ['colcon_pkg']
[0.274s] Level 1:colcon.colcon_core.package_identification:_identify(src/interfaces) by extension 'colcon_pkg'
[0.274s] Level 1:colcon.colcon_core.package_identification:_identify(src/interfaces) by extensions ['colcon_meta']
[0.274s] Level 1:colcon.colcon_core.package_identification:_identify(src/interfaces) by extension 'colcon_meta'
[0.274s] Level 1:colcon.colcon_core.package_identification:_identify(src/interfaces) by extensions ['ros']
[0.274s] Level 1:colcon.colcon_core.package_identification:_identify(src/interfaces) by extension 'ros'
[0.274s] DEBUG:colcon.colcon_core.package_identification:Package 'src/interfaces' with type 'ros.ament_cmake' and name 'interfaces'
[0.274s] Level 1:colcon.colcon_core.package_identification:_identify(src/log) by extensions ['ignore', 'ignore_ament_install']
[0.274s] Level 1:colcon.colcon_core.package_identification:_identify(src/log) by extension 'ignore'
[0.274s] Level 1:colcon.colcon_core.package_identification:_identify(src/log) ignored
[0.274s] Level 1:colcon.colcon_core.package_identification:_identify(src/motor_control) by extensions ['ignore', 'ignore_ament_install']
[0.274s] Level 1:colcon.colcon_core.package_identification:_identify(src/motor_control) by extension 'ignore'
[0.274s] Level 1:colcon.colcon_core.package_identification:_identify(src/motor_control) by extension 'ignore_ament_install'
[0.274s] Level 1:colcon.colcon_core.package_identification:_identify(src/motor_control) by extensions ['colcon_pkg']
[0.274s] Level 1:colcon.colcon_core.package_identification:_identify(src/motor_control) by extension 'colcon_pkg'
[0.274s] Level 1:colcon.colcon_core.package_identification:_identify(src/motor_control) by extensions ['colcon_meta']
[0.274s] Level 1:colcon.colcon_core.package_identification:_identify(src/motor_control) by extension 'colcon_meta'
[0.274s] Level 1:colcon.colcon_core.package_identification:_identify(src/motor_control) by extensions ['ros']
[0.275s] Level 1:colcon.colcon_core.package_identification:_identify(src/motor_control) by extension 'ros'
[0.275s] DEBUG:colcon.colcon_core.package_identification:Package 'src/motor_control' with type 'ros.ament_python' and name 'motor_control'
[0.275s] Level 1:colcon.colcon_core.package_discovery:discover_packages(recursive) using defaults
[0.275s] Level 1:colcon.colcon_core.package_discovery:discover_packages(ignore) discover
[0.275s] Level 1:colcon.colcon_core.package_discovery:discover_packages(ignore) using defaults
[0.275s] Level 1:colcon.colcon_core.package_discovery:discover_packages(path) discover
[0.275s] Level 1:colcon.colcon_core.package_discovery:discover_packages(path) using defaults
[0.296s] Level 1:colcon.colcon_core.package_discovery:discover_packages(prefix_path) check parameters
[0.296s] Level 1:colcon.colcon_core.package_discovery:discover_packages(prefix_path) discover
[0.300s] DEBUG:colcon.colcon_installed_package_information.package_discovery:Found 372 installed packages in /opt/ros/humble
[0.301s] Level 1:colcon.colcon_core.package_discovery:discover_packages(prefix_path) using defaults
[0.331s] Level 5:colcon.colcon_core.verb:set package 'challenge1' build argument 'cmake_args' from command line to 'None'
[0.331s] Level 5:colcon.colcon_core.verb:set package 'challenge1' build argument 'cmake_target' from command line to 'None'
[0.331s] Level 5:colcon.colcon_core.verb:set package 'challenge1' build argument 'cmake_target_skip_unavailable' from command line to 'False'
[0.332s] Level 5:colcon.colcon_core.verb:set package 'challenge1' build argument 'cmake_clean_cache' from command line to 'False'
[0.332s] Level 5:colcon.colcon_core.verb:set package 'challenge1' build argument 'cmake_clean_first' from command line to 'False'
[0.332s] Level 5:colcon.colcon_core.verb:set package 'challenge1' build argument 'cmake_force_configure' from command line to 'False'
[0.332s] Level 5:colcon.colcon_core.verb:set package 'challenge1' build argument 'ament_cmake_args' from command line to 'None'
[0.332s] Level 5:colcon.colcon_core.verb:set package 'challenge1' build argument 'catkin_cmake_args' from command line to 'None'
[0.332s] Level 5:colcon.colcon_core.verb:set package 'challenge1' build argument 'catkin_skip_building_tests' from command line to 'False'
[0.332s] DEBUG:colcon.colcon_core.verb:Building package 'challenge1' with the following arguments: {'ament_cmake_args': None, 'build_base': '/home/emilio/ManchesterRobotics/ch1_ws/build/challenge1', 'catkin_cmake_args': None, 'catkin_skip_building_tests': False, 'cmake_args': None, 'cmake_clean_cache': False, 'cmake_clean_first': False, 'cmake_force_configure': False, 'cmake_target': None, 'cmake_target_skip_unavailable': False, 'install_base': '/home/emilio/ManchesterRobotics/ch1_ws/install/challenge1', 'merge_install': False, 'path': '/home/emilio/ManchesterRobotics/ch1_ws/src/challenge1', 'symlink_install': False, 'test_result_base': None}
[0.332s] Level 5:colcon.colcon_core.verb:set package 'interfaces' build argument 'cmake_args' from command line to 'None'
[0.332s] Level 5:colcon.colcon_core.verb:set package 'interfaces' build argument 'cmake_target' from command line to 'None'
[0.332s] Level 5:colcon.colcon_core.verb:set package 'interfaces' build argument 'cmake_target_skip_unavailable' from command line to 'False'
[0.332s] Level 5:colcon.colcon_core.verb:set package 'interfaces' build argument 'cmake_clean_cache' from command line to 'False'
[0.332s] Level 5:colcon.colcon_core.verb:set package 'interfaces' build argument 'cmake_clean_first' from command line to 'False'
[0.332s] Level 5:colcon.colcon_core.verb:set package 'interfaces' build argument 'cmake_force_configure' from command line to 'False'
[0.332s] Level 5:colcon.colcon_core.verb:set package 'interfaces' build argument 'ament_cmake_args' from command line to 'None'
[0.332s] Level 5:colcon.colcon_core.verb:set package 'interfaces' build argument 'catkin_cmake_args' from command line to 'None'
[0.332s] Level 5:colcon.colcon_core.verb:set package 'interfaces' build argument 'catkin_skip_building_tests' from command line to 'False'
[0.332s] DEBUG:colcon.colcon_core.verb:Building package 'interfaces' with the following arguments: {'ament_cmake_args': None, 'build_base': '/home/emilio/ManchesterRobotics/ch1_ws/build/interfaces', 'catkin_cmake_args': None, 'catkin_skip_building_tests': False, 'cmake_args': None, 'cmake_clean_cache': False, 'cmake_clean_first': False, 'cmake_force_configure': False, 'cmake_target': None, 'cmake_target_skip_unavailable': False, 'install_base': '/home/emilio/ManchesterRobotics/ch1_ws/install/interfaces', 'merge_install': False, 'path': '/home/emilio/ManchesterRobotics/ch1_ws/src/interfaces', 'symlink_install': False, 'test_result_base': None}
[0.332s] Level 5:colcon.colcon_core.verb:set package 'motor_control' build argument 'cmake_args' from command line to 'None'
[0.332s] Level 5:colcon.colcon_core.verb:set package 'motor_control' build argument 'cmake_target' from command line to 'None'
[0.332s] Level 5:colcon.colcon_core.verb:set package 'motor_control' build argument 'cmake_target_skip_unavailable' from command line to 'False'
[0.332s] Level 5:colcon.colcon_core.verb:set package 'motor_control' build argument 'cmake_clean_cache' from command line to 'False'
[0.332s] Level 5:colcon.colcon_core.verb:set package 'motor_control' build argument 'cmake_clean_first' from command line to 'False'
[0.332s] Level 5:colcon.colcon_core.verb:set package 'motor_control' build argument 'cmake_force_configure' from command line to 'False'
[0.332s] Level 5:colcon.colcon_core.verb:set package 'motor_control' build argument 'ament_cmake_args' from command line to 'None'
[0.332s] Level 5:colcon.colcon_core.verb:set package 'motor_control' build argument 'catkin_cmake_args' from command line to 'None'
[0.332s] Level 5:colcon.colcon_core.verb:set package 'motor_control' build argument 'catkin_skip_building_tests' from command line to 'False'
[0.332s] DEBUG:colcon.colcon_core.verb:Building package 'motor_control' with the following arguments: {'ament_cmake_args': None, 'build_base': '/home/emilio/ManchesterRobotics/ch1_ws/build/motor_control', 'catkin_cmake_args': None, 'catkin_skip_building_tests': False, 'cmake_args': None, 'cmake_clean_cache': False, 'cmake_clean_first': False, 'cmake_force_configure': False, 'cmake_target': None, 'cmake_target_skip_unavailable': False, 'install_base': '/home/emilio/ManchesterRobotics/ch1_ws/install/motor_control', 'merge_install': False, 'path': '/home/emilio/ManchesterRobotics/ch1_ws/src/motor_control', 'symlink_install': False, 'test_result_base': None}
[0.333s] INFO:colcon.colcon_core.executor:Executing jobs using 'parallel' executor
[0.333s] DEBUG:colcon.colcon_parallel_executor.executor.parallel:run_until_complete
[0.334s] INFO:colcon.colcon_ros.task.ament_python.build:Building ROS package in '/home/emilio/ManchesterRobotics/ch1_ws/src/challenge1' with build type 'ament_python'
[0.334s] Level 1:colcon.colcon_core.shell:create_environment_hook('challenge1', 'ament_prefix_path')
[0.335s] INFO:colcon.colcon_core.plugin_system:Skipping extension 'colcon_core.shell.bat': Not used on non-Windows systems
[0.335s] INFO:colcon.colcon_core.shell:Creating environment hook '/home/emilio/ManchesterRobotics/ch1_ws/install/challenge1/share/challenge1/hook/ament_prefix_path.ps1'
[0.336s] INFO:colcon.colcon_core.shell:Creating environment descriptor '/home/emilio/ManchesterRobotics/ch1_ws/install/challenge1/share/challenge1/hook/ament_prefix_path.dsv'
[0.336s] INFO:colcon.colcon_core.shell:Creating environment hook '/home/emilio/ManchesterRobotics/ch1_ws/install/challenge1/share/challenge1/hook/ament_prefix_path.sh'
[0.337s] INFO:colcon.colcon_core.shell:Skip shell extension 'powershell' for command environment: Not usable outside of PowerShell
[0.337s] DEBUG:colcon.colcon_core.shell:Skip shell extension 'dsv' for command environment
[0.339s] INFO:colcon.colcon_ros.task.ament_cmake.build:Building ROS package in '/home/emilio/ManchesterRobotics/ch1_ws/src/interfaces' with build type 'ament_cmake'
[0.339s] INFO:colcon.colcon_cmake.task.cmake.build:Building CMake package in '/home/emilio/ManchesterRobotics/ch1_ws/src/interfaces'
[0.339s] INFO:colcon.colcon_core.shell:Skip shell extension 'powershell' for command environment: Not usable outside of PowerShell
[0.340s] DEBUG:colcon.colcon_core.shell:Skip shell extension 'dsv' for command environment
[0.342s] INFO:colcon.colcon_ros.task.ament_python.build:Building ROS package in '/home/emilio/ManchesterRobotics/ch1_ws/src/motor_control' with build type 'ament_python'
[0.342s] Level 1:colcon.colcon_core.shell:create_environment_hook('motor_control', 'ament_prefix_path')
[0.342s] INFO:colcon.colcon_core.shell:Creating environment hook '/home/emilio/ManchesterRobotics/ch1_ws/install/motor_control/share/motor_control/hook/ament_prefix_path.ps1'
[0.343s] INFO:colcon.colcon_core.shell:Creating environment descriptor '/home/emilio/ManchesterRobotics/ch1_ws/install/motor_control/share/motor_control/hook/ament_prefix_path.dsv'
[0.343s] INFO:colcon.colcon_core.shell:Creating environment hook '/home/emilio/ManchesterRobotics/ch1_ws/install/motor_control/share/motor_control/hook/ament_prefix_path.sh'
[0.344s] INFO:colcon.colcon_core.shell:Skip shell extension 'powershell' for command environment: Not usable outside of PowerShell
[0.344s] DEBUG:colcon.colcon_core.shell:Skip shell extension 'dsv' for command environment
[0.533s] INFO:colcon.colcon_core.task.python.build:Building Python package in '/home/emilio/ManchesterRobotics/ch1_ws/src/challenge1'
[0.533s] INFO:colcon.colcon_core.shell:Skip shell extension 'powershell' for command environment: Not usable outside of PowerShell
[0.533s] DEBUG:colcon.colcon_core.shell:Skip shell extension 'dsv' for command environment
[0.540s] DEBUG:colcon.colcon_core.event_handler.log_command:Invoking command in '/home/emilio/ManchesterRobotics/ch1_ws/build/interfaces': CMAKE_PREFIX_PATH=/opt/ros/humble /usr/bin/cmake /home/emilio/ManchesterRobotics/ch1_ws/src/interfaces -DCMAKE_INSTALL_PREFIX=/home/emilio/ManchesterRobotics/ch1_ws/install/interfaces
[0.726s] INFO:colcon.colcon_core.task.python.build:Building Python package in '/home/emilio/ManchesterRobotics/ch1_ws/src/motor_control'
[0.726s] INFO:colcon.colcon_core.shell:Skip shell extension 'powershell' for command environment: Not usable outside of PowerShell
[0.726s] DEBUG:colcon.colcon_core.shell:Skip shell extension 'dsv' for command environment
[1.012s] DEBUG:colcon.colcon_core.event_handler.log_command:Invoking command in '/home/emilio/ManchesterRobotics/ch1_ws/src/challenge1': PYTHONPATH=/home/emilio/ManchesterRobotics/ch1_ws/build/challenge1/prefix_override:/usr/lib/python3/dist-packages/colcon_core/task/python/colcon_distutils_commands:/home/emilio/ManchesterRobotics/ch1_ws/install/challenge1/lib/python3.10/site-packages:${PYTHONPATH} /usr/bin/python3 -W ignore:setup.py install is deprecated -W ignore:easy_install command is deprecated setup.py egg_info --egg-base ../../build/challenge1 build --build-base /home/emilio/ManchesterRobotics/ch1_ws/build/challenge1/build install --record /home/emilio/ManchesterRobotics/ch1_ws/build/challenge1/install.log --single-version-externally-managed install_data
[1.012s] DEBUG:colcon.colcon_core.event_handler.log_command:Invoking command in '/home/emilio/ManchesterRobotics/ch1_ws/src/motor_control': PYTHONPATH=/home/emilio/ManchesterRobotics/ch1_ws/build/motor_control/prefix_override:/usr/lib/python3/dist-packages/colcon_core/task/python/colcon_distutils_commands:/home/emilio/ManchesterRobotics/ch1_ws/install/motor_control/lib/python3.10/site-packages:${PYTHONPATH} /usr/bin/python3 -W ignore:setup.py install is deprecated -W ignore:easy_install command is deprecated setup.py egg_info --egg-base ../../build/motor_control build --build-base /home/emilio/ManchesterRobotics/ch1_ws/build/motor_control/build install --record /home/emilio/ManchesterRobotics/ch1_ws/build/motor_control/install.log --single-version-externally-managed install_data
[1.245s] DEBUG:colcon.colcon_core.event_handler.log_command:Invoked command in '/home/emilio/ManchesterRobotics/ch1_ws/src/challenge1' returned '0': PYTHONPATH=/home/emilio/ManchesterRobotics/ch1_ws/build/challenge1/prefix_override:/usr/lib/python3/dist-packages/colcon_core/task/python/colcon_distutils_commands:/home/emilio/ManchesterRobotics/ch1_ws/install/challenge1/lib/python3.10/site-packages:${PYTHONPATH} /usr/bin/python3 -W ignore:setup.py install is deprecated -W ignore:easy_install command is deprecated setup.py egg_info --egg-base ../../build/challenge1 build --build-base /home/emilio/ManchesterRobotics/ch1_ws/build/challenge1/build install --record /home/emilio/ManchesterRobotics/ch1_ws/build/challenge1/install.log --single-version-externally-managed install_data
[1.246s] Level 1:colcon.colcon_core.environment:checking '/home/emilio/ManchesterRobotics/ch1_ws/install/challenge1' for CMake module files
[1.247s] Level 1:colcon.colcon_core.environment:checking '/home/emilio/ManchesterRobotics/ch1_ws/install/challenge1' for CMake config files
[1.247s] Level 1:colcon.colcon_core.environment:checking '/home/emilio/ManchesterRobotics/ch1_ws/install/challenge1/lib'
[1.247s] Level 1:colcon.colcon_core.environment:checking '/home/emilio/ManchesterRobotics/ch1_ws/install/challenge1/bin'
[1.247s] Level 1:colcon.colcon_core.environment:checking '/home/emilio/ManchesterRobotics/ch1_ws/install/challenge1/lib/pkgconfig/challenge1.pc'
[1.247s] Level 1:colcon.colcon_core.environment:checking '/home/emilio/ManchesterRobotics/ch1_ws/install/challenge1/lib/python3.10/site-packages'
[1.247s] Level 1:colcon.colcon_core.shell:create_environment_hook('challenge1', 'pythonpath')
[1.248s] INFO:colcon.colcon_core.shell:Creating environment hook '/home/emilio/ManchesterRobotics/ch1_ws/install/challenge1/share/challenge1/hook/pythonpath.ps1'
[1.249s] INFO:colcon.colcon_core.shell:Creating environment descriptor '/home/emilio/ManchesterRobotics/ch1_ws/install/challenge1/share/challenge1/hook/pythonpath.dsv'
[1.249s] INFO:colcon.colcon_core.shell:Creating environment hook '/home/emilio/ManchesterRobotics/ch1_ws/install/challenge1/share/challenge1/hook/pythonpath.sh'
[1.250s] Level 1:colcon.colcon_core.environment:checking '/home/emilio/ManchesterRobotics/ch1_ws/install/challenge1/bin'
[1.250s] Level 1:colcon.colcon_core.environment:create_environment_scripts_only(challenge1)
[1.250s] INFO:colcon.colcon_core.shell:Creating package script '/home/emilio/ManchesterRobotics/ch1_ws/install/challenge1/share/challenge1/package.ps1'
[1.250s] INFO:colcon.colcon_core.shell:Creating package descriptor '/home/emilio/ManchesterRobotics/ch1_ws/install/challenge1/share/challenge1/package.dsv'
[1.251s] INFO:colcon.colcon_core.shell:Creating package script '/home/emilio/ManchesterRobotics/ch1_ws/install/challenge1/share/challenge1/package.sh'
[1.251s] INFO:colcon.colcon_core.shell:Creating package script '/home/emilio/ManchesterRobotics/ch1_ws/install/challenge1/share/challenge1/package.bash'
[1.252s] INFO:colcon.colcon_core.shell:Creating package script '/home/emilio/ManchesterRobotics/ch1_ws/install/challenge1/share/challenge1/package.zsh'
[1.253s] Level 1:colcon.colcon_core.environment:create_file_with_runtime_dependencies(/home/emilio/ManchesterRobotics/ch1_ws/install/challenge1/share/colcon-core/packages/challenge1)
[1.254s] Level 1:colcon.colcon_core.environment:checking '/home/emilio/ManchesterRobotics/ch1_ws/install/motor_control' for CMake module files
[1.255s] Level 1:colcon.colcon_core.environment:checking '/home/emilio/ManchesterRobotics/ch1_ws/install/motor_control' for CMake config files
[1.255s] Level 1:colcon.colcon_core.environment:checking '/home/emilio/ManchesterRobotics/ch1_ws/install/motor_control/lib'
[1.255s] Level 1:colcon.colcon_core.environment:checking '/home/emilio/ManchesterRobotics/ch1_ws/install/motor_control/bin'
[1.255s] Level 1:colcon.colcon_core.environment:checking '/home/emilio/ManchesterRobotics/ch1_ws/install/motor_control/lib/pkgconfig/motor_control.pc'
[1.255s] Level 1:colcon.colcon_core.environment:checking '/home/emilio/ManchesterRobotics/ch1_ws/install/motor_control/lib/python3.10/site-packages'
[1.255s] Level 1:colcon.colcon_core.shell:create_environment_hook('motor_control', 'pythonpath')
[1.256s] INFO:colcon.colcon_core.shell:Creating environment hook '/home/emilio/ManchesterRobotics/ch1_ws/install/motor_control/share/motor_control/hook/pythonpath.ps1'
[1.257s] DEBUG:colcon.colcon_core.event_handler.log_command:Invoked command in '/home/emilio/ManchesterRobotics/ch1_ws/src/motor_control' returned '0': PYTHONPATH=/home/emilio/ManchesterRobotics/ch1_ws/build/motor_control/prefix_override:/usr/lib/python3/dist-packages/colcon_core/task/python/colcon_distutils_commands:/home/emilio/ManchesterRobotics/ch1_ws/install/motor_control/lib/python3.10/site-packages:${PYTHONPATH} /usr/bin/python3 -W ignore:setup.py install is deprecated -W ignore:easy_install command is deprecated setup.py egg_info --egg-base ../../build/motor_control build --build-base /home/emilio/ManchesterRobotics/ch1_ws/build/motor_control/build install --record /home/emilio/ManchesterRobotics/ch1_ws/build/motor_control/install.log --single-version-externally-managed install_data
[1.259s] INFO:colcon.colcon_core.shell:Creating environment descriptor '/home/emilio/ManchesterRobotics/ch1_ws/install/motor_control/share/motor_control/hook/pythonpath.dsv'
[1.260s] INFO:colcon.colcon_core.shell:Creating environment hook '/home/emilio/ManchesterRobotics/ch1_ws/install/motor_control/share/motor_control/hook/pythonpath.sh'
[1.261s] Level 1:colcon.colcon_core.environment:checking '/home/emilio/ManchesterRobotics/ch1_ws/install/motor_control/bin'
[1.261s] Level 1:colcon.colcon_core.environment:create_environment_scripts_only(motor_control)
[1.262s] INFO:colcon.colcon_core.shell:Creating package script '/home/emilio/ManchesterRobotics/ch1_ws/install/motor_control/share/motor_control/package.ps1'
[1.262s] INFO:colcon.colcon_core.shell:Creating package descriptor '/home/emilio/ManchesterRobotics/ch1_ws/install/motor_control/share/motor_control/package.dsv'
[1.263s] INFO:colcon.colcon_core.shell:Creating package script '/home/emilio/ManchesterRobotics/ch1_ws/install/motor_control/share/motor_control/package.sh'
[1.263s] INFO:colcon.colcon_core.shell:Creating package script '/home/emilio/ManchesterRobotics/ch1_ws/install/motor_control/share/motor_control/package.bash'
[1.263s] INFO:colcon.colcon_core.shell:Creating package script '/home/emilio/ManchesterRobotics/ch1_ws/install/motor_control/share/motor_control/package.zsh'
[1.264s] Level 1:colcon.colcon_core.environment:create_file_with_runtime_dependencies(/home/emilio/ManchesterRobotics/ch1_ws/install/motor_control/share/colcon-core/packages/motor_control)
[2.315s] DEBUG:colcon.colcon_core.event_handler.log_command:Invoked command in '/home/emilio/ManchesterRobotics/ch1_ws/build/interfaces' returned '0': CMAKE_PREFIX_PATH=/opt/ros/humble /usr/bin/cmake /home/emilio/ManchesterRobotics/ch1_ws/src/interfaces -DCMAKE_INSTALL_PREFIX=/home/emilio/ManchesterRobotics/ch1_ws/install/interfaces
[2.316s] DEBUG:colcon.colcon_core.event_handler.log_command:Invoking command in '/home/emilio/ManchesterRobotics/ch1_ws/build/interfaces': CMAKE_PREFIX_PATH=/opt/ros/humble /usr/bin/cmake --build /home/emilio/ManchesterRobotics/ch1_ws/build/interfaces -- -j16 -l16
[2.352s] DEBUG:colcon.colcon_core.event_handler.log_command:Invoked command in '/home/emilio/ManchesterRobotics/ch1_ws/build/interfaces' returned '0': CMAKE_PREFIX_PATH=/opt/ros/humble /usr/bin/cmake --build /home/emilio/ManchesterRobotics/ch1_ws/build/interfaces -- -j16 -l16
[2.361s] DEBUG:colcon.colcon_core.event_handler.log_command:Invoking command in '/home/emilio/ManchesterRobotics/ch1_ws/build/interfaces': CMAKE_PREFIX_PATH=/opt/ros/humble /usr/bin/cmake --install /home/emilio/ManchesterRobotics/ch1_ws/build/interfaces
[2.371s] Level 1:colcon.colcon_core.environment:create_environment_scripts_only(interfaces)
[2.371s] Level 1:colcon.colcon_core.environment:checking '/home/emilio/ManchesterRobotics/ch1_ws/install/interfaces' for CMake module files
[2.372s] DEBUG:colcon.colcon_core.event_handler.log_command:Invoked command in '/home/emilio/ManchesterRobotics/ch1_ws/build/interfaces' returned '0': CMAKE_PREFIX_PATH=/opt/ros/humble /usr/bin/cmake --install /home/emilio/ManchesterRobotics/ch1_ws/build/interfaces
[2.372s] Level 1:colcon.colcon_core.environment:checking '/home/emilio/ManchesterRobotics/ch1_ws/install/interfaces' for CMake config files
[2.372s] Level 1:colcon.colcon_core.shell:create_environment_hook('interfaces', 'cmake_prefix_path')
[2.372s] INFO:colcon.colcon_core.shell:Creating environment hook '/home/emilio/ManchesterRobotics/ch1_ws/install/interfaces/share/interfaces/hook/cmake_prefix_path.ps1'
[2.372s] INFO:colcon.colcon_core.shell:Creating environment descriptor '/home/emilio/ManchesterRobotics/ch1_ws/install/interfaces/share/interfaces/hook/cmake_prefix_path.dsv'
[2.373s] INFO:colcon.colcon_core.shell:Creating environment hook '/home/emilio/ManchesterRobotics/ch1_ws/install/interfaces/share/interfaces/hook/cmake_prefix_path.sh'
[2.373s] Level 1:colcon.colcon_core.environment:checking '/home/emilio/ManchesterRobotics/ch1_ws/install/interfaces/bin'
[2.373s] Level 1:colcon.colcon_core.environment:checking '/home/emilio/ManchesterRobotics/ch1_ws/install/interfaces/lib/pkgconfig/interfaces.pc'
[2.373s] Level 1:colcon.colcon_core.environment:checking '/home/emilio/ManchesterRobotics/ch1_ws/install/interfaces/lib/python3.10/site-packages'
[2.373s] Level 1:colcon.colcon_core.environment:checking '/home/emilio/ManchesterRobotics/ch1_ws/install/interfaces/bin'
[2.374s] INFO:colcon.colcon_core.shell:Creating package script '/home/emilio/ManchesterRobotics/ch1_ws/install/interfaces/share/interfaces/package.ps1'
[2.374s] INFO:colcon.colcon_core.shell:Creating package descriptor '/home/emilio/ManchesterRobotics/ch1_ws/install/interfaces/share/interfaces/package.dsv'
[2.374s] INFO:colcon.colcon_core.shell:Creating package script '/home/emilio/ManchesterRobotics/ch1_ws/install/interfaces/share/interfaces/package.sh'
[2.374s] INFO:colcon.colcon_core.shell:Creating package script '/home/emilio/ManchesterRobotics/ch1_ws/install/interfaces/share/interfaces/package.bash'
[2.374s] INFO:colcon.colcon_core.shell:Creating package script '/home/emilio/ManchesterRobotics/ch1_ws/install/interfaces/share/interfaces/package.zsh'
[2.375s] Level 1:colcon.colcon_core.environment:create_file_with_runtime_dependencies(/home/emilio/ManchesterRobotics/ch1_ws/install/interfaces/share/colcon-core/packages/interfaces)
[2.375s] Level 1:colcon.colcon_core.environment:create_environment_scripts_only(interfaces)
[2.375s] Level 1:colcon.colcon_core.environment:checking '/home/emilio/ManchesterRobotics/ch1_ws/install/interfaces' for CMake module files
[2.375s] Level 1:colcon.colcon_core.environment:checking '/home/emilio/ManchesterRobotics/ch1_ws/install/interfaces' for CMake config files
[2.375s] Level 1:colcon.colcon_core.shell:create_environment_hook('interfaces', 'cmake_prefix_path')
[2.376s] INFO:colcon.colcon_core.shell:Creating environment hook '/home/emilio/ManchesterRobotics/ch1_ws/install/interfaces/share/interfaces/hook/cmake_prefix_path.ps1'
[2.376s] INFO:colcon.colcon_core.shell:Creating environment descriptor '/home/emilio/ManchesterRobotics/ch1_ws/install/interfaces/share/interfaces/hook/cmake_prefix_path.dsv'
[2.376s] INFO:colcon.colcon_core.shell:Creating environment hook '/home/emilio/ManchesterRobotics/ch1_ws/install/interfaces/share/interfaces/hook/cmake_prefix_path.sh'
[2.377s] Level 1:colcon.colcon_core.environment:checking '/home/emilio/ManchesterRobotics/ch1_ws/install/interfaces/bin'
[2.377s] Level 1:colcon.colcon_core.environment:checking '/home/emilio/ManchesterRobotics/ch1_ws/install/interfaces/lib/pkgconfig/interfaces.pc'
[2.377s] Level 1:colcon.colcon_core.environment:checking '/home/emilio/ManchesterRobotics/ch1_ws/install/interfaces/lib/python3.10/site-packages'
[2.377s] Level 1:colcon.colcon_core.environment:checking '/home/emilio/ManchesterRobotics/ch1_ws/install/interfaces/bin'
[2.377s] INFO:colcon.colcon_core.shell:Creating package script '/home/emilio/ManchesterRobotics/ch1_ws/install/interfaces/share/interfaces/package.ps1'
[2.377s] INFO:colcon.colcon_core.shell:Creating package descriptor '/home/emilio/ManchesterRobotics/ch1_ws/install/interfaces/share/interfaces/package.dsv'
[2.378s] INFO:colcon.colcon_core.shell:Creating package script '/home/emilio/ManchesterRobotics/ch1_ws/install/interfaces/share/interfaces/package.sh'
[2.378s] INFO:colcon.colcon_core.shell:Creating package script '/home/emilio/ManchesterRobotics/ch1_ws/install/interfaces/share/interfaces/package.bash'
[2.379s] INFO:colcon.colcon_core.shell:Creating package script '/home/emilio/ManchesterRobotics/ch1_ws/install/interfaces/share/interfaces/package.zsh'
[2.379s] Level 1:colcon.colcon_core.environment:create_file_with_runtime_dependencies(/home/emilio/ManchesterRobotics/ch1_ws/install/interfaces/share/colcon-core/packages/interfaces)
[2.380s] DEBUG:colcon.colcon_parallel_executor.executor.parallel:closing loop
[2.380s] DEBUG:colcon.colcon_parallel_executor.executor.parallel:loop closed
[2.380s] DEBUG:colcon.colcon_parallel_executor.executor.parallel:run_until_complete finished with '0'
[2.380s] DEBUG:colcon.colcon_core.event_reactor:joining thread
[2.384s] INFO:colcon.colcon_core.plugin_system:Skipping extension 'colcon_notification.desktop_notification.terminal_notifier': Not used on non-Darwin systems
[2.384s] INFO:colcon.colcon_core.plugin_system:Skipping extension 'colcon_notification.desktop_notification.win32': Not used on non-Windows systems
[2.384s] INFO:colcon.colcon_notification.desktop_notification:Sending desktop notification using 'notify2'
[2.394s] DEBUG:colcon.colcon_core.event_reactor:joined thread
[2.394s] INFO:colcon.colcon_core.shell:Creating prefix script '/home/emilio/ManchesterRobotics/ch1_ws/install/local_setup.ps1'
[2.395s] INFO:colcon.colcon_core.shell:Creating prefix util module '/home/emilio/ManchesterRobotics/ch1_ws/install/_local_setup_util_ps1.py'
[2.396s] INFO:colcon.colcon_core.shell:Creating prefix chain script '/home/emilio/ManchesterRobotics/ch1_ws/install/setup.ps1'
[2.397s] INFO:colcon.colcon_core.shell:Creating prefix script '/home/emilio/ManchesterRobotics/ch1_ws/install/local_setup.sh'
[2.397s] INFO:colcon.colcon_core.shell:Creating prefix util module '/home/emilio/ManchesterRobotics/ch1_ws/install/_local_setup_util_sh.py'
[2.397s] INFO:colcon.colcon_core.shell:Creating prefix chain script '/home/emilio/ManchesterRobotics/ch1_ws/install/setup.sh'
[2.398s] INFO:colcon.colcon_core.shell:Creating prefix script '/home/emilio/ManchesterRobotics/ch1_ws/install/local_setup.bash'
[2.398s] INFO:colcon.colcon_core.shell:Creating prefix chain script '/home/emilio/ManchesterRobotics/ch1_ws/install/setup.bash'
[2.399s] INFO:colcon.colcon_core.shell:Creating prefix script '/home/emilio/ManchesterRobotics/ch1_ws/install/local_setup.zsh'
[2.399s] INFO:colcon.colcon_core.shell:Creating prefix chain script '/home/emilio/ManchesterRobotics/ch1_ws/install/setup.zsh'
