[0.470s] Invoking command in '/home/emilio/ManchesterRobotics/ch1_ws/src/challenge1': PYTHONPATH=/home/emilio/ManchesterRobotics/ch1_ws/src/build/challenge1/prefix_override:/usr/lib/python3/dist-packages/colcon_core/task/python/colcon_distutils_commands:/home/emilio/ManchesterRobotics/ch1_ws/src/install/challenge1/lib/python3.10/site-packages:${PYTHONPATH} /usr/bin/python3 -W ignore:setup.py install is deprecated -W ignore:easy_install command is deprecated setup.py egg_info --egg-base ../build/challenge1 build --build-base /home/emilio/ManchesterRobotics/ch1_ws/src/build/challenge1/build install --record /home/emilio/ManchesterRobotics/ch1_ws/src/build/challenge1/install.log --single-version-externally-managed install_data
[0.650s] running egg_info
[0.651s] writing ../build/challenge1/challenge1.egg-info/PKG-INFO
[0.651s] writing dependency_links to ../build/challenge1/challenge1.egg-info/dependency_links.txt
[0.651s] writing entry points to ../build/challenge1/challenge1.egg-info/entry_points.txt
[0.651s] writing requirements to ../build/challenge1/challenge1.egg-info/requires.txt
[0.651s] writing top-level names to ../build/challenge1/challenge1.egg-info/top_level.txt
[0.652s] reading manifest file '../build/challenge1/challenge1.egg-info/SOURCES.txt'
[0.653s] adding license file 'LICENSE'
[0.654s] writing manifest file '../build/challenge1/challenge1.egg-info/SOURCES.txt'
[0.654s] running build
[0.655s] running build_py
[0.655s] copying challenge1/signal_generator.py -> /home/emilio/ManchesterRobotics/ch1_ws/src/build/challenge1/build/lib/challenge1
[0.655s] running install
[0.655s] running install_lib
[0.655s] copying /home/emilio/ManchesterRobotics/ch1_ws/src/build/challenge1/build/lib/challenge1/signal_generator.py -> /home/emilio/ManchesterRobotics/ch1_ws/src/install/challenge1/lib/python3.10/site-packages/challenge1
[0.656s] byte-compiling /home/emilio/ManchesterRobotics/ch1_ws/src/install/challenge1/lib/python3.10/site-packages/challenge1/signal_generator.py to signal_generator.cpython-310.pyc
[0.656s] running install_data
[0.656s] running install_egg_info
[0.658s] removing '/home/emilio/ManchesterRobotics/ch1_ws/src/install/challenge1/lib/python3.10/site-packages/challenge1-0.0.0-py3.10.egg-info' (and everything under it)
[0.658s] Copying ../build/challenge1/challenge1.egg-info to /home/emilio/ManchesterRobotics/ch1_ws/src/install/challenge1/lib/python3.10/site-packages/challenge1-0.0.0-py3.10.egg-info
[0.659s] running install_scripts
[0.674s] Installing process_node script to /home/emilio/ManchesterRobotics/ch1_ws/src/install/challenge1/lib/challenge1
[0.674s] Installing signal_generator script to /home/emilio/ManchesterRobotics/ch1_ws/src/install/challenge1/lib/challenge1
[0.675s] writing list of installed files to '/home/emilio/ManchesterRobotics/ch1_ws/src/build/challenge1/install.log'
[0.697s] Invoked command in '/home/emilio/ManchesterRobotics/ch1_ws/src/challenge1' returned '0': PYTHONPATH=/home/emilio/ManchesterRobotics/ch1_ws/src/build/challenge1/prefix_override:/usr/lib/python3/dist-packages/colcon_core/task/python/colcon_distutils_commands:/home/emilio/ManchesterRobotics/ch1_ws/src/install/challenge1/lib/python3.10/site-packages:${PYTHONPATH} /usr/bin/python3 -W ignore:setup.py install is deprecated -W ignore:easy_install command is deprecated setup.py egg_info --egg-base ../build/challenge1 build --build-base /home/emilio/ManchesterRobotics/ch1_ws/src/build/challenge1/build install --record /home/emilio/ManchesterRobotics/ch1_ws/src/build/challenge1/install.log --single-version-externally-managed install_data
