[1.424s] Invoking command in '/home/emilio/ManchesterRobotics/ch1_ws/src/motor_control': PYTHONPATH=/home/emilio/ManchesterRobotics/ch1_ws/src/build/motor_control/prefix_override:/usr/lib/python3/dist-packages/colcon_core/task/python/colcon_distutils_commands:/home/emilio/ManchesterRobotics/ch1_ws/src/install/motor_control/lib/python3.10/site-packages: /usr/bin/python3 -W ignore:setup.py install is deprecated -W ignore:easy_install command is deprecated setup.py egg_info --egg-base ../build/motor_control build --build-base /home/emilio/ManchesterRobotics/ch1_ws/src/build/motor_control/build install --record /home/emilio/ManchesterRobotics/ch1_ws/src/build/motor_control/install.log --single-version-externally-managed install_data
[1.556s] running egg_info
[1.556s] creating ../build/motor_control/motor_control.egg-info
[1.556s] writing ../build/motor_control/motor_control.egg-info/PKG-INFO
[1.556s] writing dependency_links to ../build/motor_control/motor_control.egg-info/dependency_links.txt
[1.556s] writing entry points to ../build/motor_control/motor_control.egg-info/entry_points.txt
[1.556s] writing requirements to ../build/motor_control/motor_control.egg-info/requires.txt
[1.556s] writing top-level names to ../build/motor_control/motor_control.egg-info/top_level.txt
[1.556s] writing manifest file '../build/motor_control/motor_control.egg-info/SOURCES.txt'
[1.557s] reading manifest file '../build/motor_control/motor_control.egg-info/SOURCES.txt'
[1.557s] adding license file 'LICENSE'
[1.558s] writing manifest file '../build/motor_control/motor_control.egg-info/SOURCES.txt'
[1.558s] running build
[1.558s] running build_py
[1.558s] creating /home/emilio/ManchesterRobotics/ch1_ws/src/build/motor_control/build
[1.558s] creating /home/emilio/ManchesterRobotics/ch1_ws/src/build/motor_control/build/lib
[1.558s] creating /home/emilio/ManchesterRobotics/ch1_ws/src/build/motor_control/build/lib/motor_control
[1.558s] copying motor_control/dc_motor.py -> /home/emilio/ManchesterRobotics/ch1_ws/src/build/motor_control/build/lib/motor_control
[1.560s] copying motor_control/controller.py -> /home/emilio/ManchesterRobotics/ch1_ws/src/build/motor_control/build/lib/motor_control
[1.561s] copying motor_control/__init__.py -> /home/emilio/ManchesterRobotics/ch1_ws/src/build/motor_control/build/lib/motor_control
[1.561s] copying motor_control/set_point.py -> /home/emilio/ManchesterRobotics/ch1_ws/src/build/motor_control/build/lib/motor_control
[1.561s] running install
[1.562s] running install_lib
[1.562s] creating /home/emilio/ManchesterRobotics/ch1_ws/src/install/motor_control/lib/python3.10/site-packages/motor_control
[1.562s] copying /home/emilio/ManchesterRobotics/ch1_ws/src/build/motor_control/build/lib/motor_control/dc_motor.py -> /home/emilio/ManchesterRobotics/ch1_ws/src/install/motor_control/lib/python3.10/site-packages/motor_control
[1.562s] copying /home/emilio/ManchesterRobotics/ch1_ws/src/build/motor_control/build/lib/motor_control/controller.py -> /home/emilio/ManchesterRobotics/ch1_ws/src/install/motor_control/lib/python3.10/site-packages/motor_control
[1.562s] copying /home/emilio/ManchesterRobotics/ch1_ws/src/build/motor_control/build/lib/motor_control/__init__.py -> /home/emilio/ManchesterRobotics/ch1_ws/src/install/motor_control/lib/python3.10/site-packages/motor_control
[1.562s] copying /home/emilio/ManchesterRobotics/ch1_ws/src/build/motor_control/build/lib/motor_control/set_point.py -> /home/emilio/ManchesterRobotics/ch1_ws/src/install/motor_control/lib/python3.10/site-packages/motor_control
[1.563s] byte-compiling /home/emilio/ManchesterRobotics/ch1_ws/src/install/motor_control/lib/python3.10/site-packages/motor_control/dc_motor.py to dc_motor.cpython-310.pyc
[1.563s] byte-compiling /home/emilio/ManchesterRobotics/ch1_ws/src/install/motor_control/lib/python3.10/site-packages/motor_control/controller.py to controller.cpython-310.pyc
[1.563s] byte-compiling /home/emilio/ManchesterRobotics/ch1_ws/src/install/motor_control/lib/python3.10/site-packages/motor_control/__init__.py to __init__.cpython-310.pyc
[1.564s] byte-compiling /home/emilio/ManchesterRobotics/ch1_ws/src/install/motor_control/lib/python3.10/site-packages/motor_control/set_point.py to set_point.cpython-310.pyc
[1.564s] running install_data
[1.564s] creating /home/emilio/ManchesterRobotics/ch1_ws/src/install/motor_control/share/ament_index
[1.564s] creating /home/emilio/ManchesterRobotics/ch1_ws/src/install/motor_control/share/ament_index/resource_index
[1.564s] creating /home/emilio/ManchesterRobotics/ch1_ws/src/install/motor_control/share/ament_index/resource_index/packages
[1.564s] copying resource/motor_control -> /home/emilio/ManchesterRobotics/ch1_ws/src/install/motor_control/share/ament_index/resource_index/packages
[1.564s] copying package.xml -> /home/emilio/ManchesterRobotics/ch1_ws/src/install/motor_control/share/motor_control
[1.564s] creating /home/emilio/ManchesterRobotics/ch1_ws/src/install/motor_control/share/motor_control/launch
[1.564s] copying launch/motor_launch.py -> /home/emilio/ManchesterRobotics/ch1_ws/src/install/motor_control/share/motor_control/launch
[1.565s] creating /home/emilio/ManchesterRobotics/ch1_ws/src/install/motor_control/share/motor_control/config
[1.565s] copying config/params.yaml -> /home/emilio/ManchesterRobotics/ch1_ws/src/install/motor_control/share/motor_control/config
[1.565s] running install_egg_info
[1.566s] Copying ../build/motor_control/motor_control.egg-info to /home/emilio/ManchesterRobotics/ch1_ws/src/install/motor_control/lib/python3.10/site-packages/motor_control-0.0.0-py3.10.egg-info
[1.567s] running install_scripts
[1.580s] Installing controller script to /home/emilio/ManchesterRobotics/ch1_ws/src/install/motor_control/lib/motor_control
[1.580s] Installing dc_motor script to /home/emilio/ManchesterRobotics/ch1_ws/src/install/motor_control/lib/motor_control
[1.580s] Installing set_point script to /home/emilio/ManchesterRobotics/ch1_ws/src/install/motor_control/lib/motor_control
[1.581s] writing list of installed files to '/home/emilio/ManchesterRobotics/ch1_ws/src/build/motor_control/install.log'
