[0.074s] DEBUG:colcon:Command line arguments: ['/usr/bin/colcon', 'build']
[0.074s] DEBUG:colcon:Parsed command line arguments: Namespace(log_base=None, log_level=None, verb_name='build', build_base='build', install_base='install', merge_install=False, symlink_install=False, test_result_base=None, continue_on_error=False, executor='parallel', parallel_workers=16, event_handlers=None, ignore_user_meta=False, metas=['./colcon.meta'], base_paths=['.'], packages_ignore=None, packages_ignore_regex=None, paths=None, packages_up_to=None, packages_up_to_regex=None, packages_above=None, packages_above_and_dependencies=None, packages_above_depth=None, packages_select_by_dep=None, packages_skip_by_dep=None, packages_skip_up_to=None, packages_select_build_failed=False, packages_skip_build_finished=False, packages_select_test_failures=False, packages_skip_test_passed=False, packages_select=None, packages_skip=None, packages_select_regex=None, packages_skip_regex=None, packages_start=None, packages_end=None, allow_overriding=[], cmake_args=None, cmake_target=None, cmake_target_skip_unavailable=False, cmake_clean_cache=False, cmake_clean_first=False, cmake_force_configure=False, ament_cmake_args=None, catkin_cmake_args=None, catkin_skip_building_tests=False, mixin_files=None, mixin=None, verb_parser=<colcon_mixin.mixin.mixin_argument.MixinArgumentDecorator object at 0x7aeb3135e830>, verb_extension=<colcon_core.verb.build.BuildVerb object at 0x7aeb3135e2c0>, main=<bound method BuildVerb.main of <colcon_core.verb.build.BuildVerb object at 0x7aeb3135e2c0>>, mixin_verb=('build',))
[0.193s] Level 1:colcon.colcon_core.package_discovery:discover_packages(colcon_meta) check parameters
[0.194s] Level 1:colcon.colcon_core.package_discovery:discover_packages(recursive) check parameters
[0.194s] Level 1:colcon.colcon_core.package_discovery:discover_packages(ignore) check parameters
[0.194s] Level 1:colcon.colcon_core.package_discovery:discover_packages(path) check parameters
[0.194s] Level 1:colcon.colcon_core.package_discovery:discover_packages(colcon_meta) discover
[0.194s] Level 1:colcon.colcon_core.package_discovery:discover_packages(recursive) discover
[0.194s] INFO:colcon.colcon_core.package_discovery:Crawling recursively for packages in '/home/emilio/ManchesterRobotics/ch1_ws/src'
[0.194s] Level 1:colcon.colcon_core.package_identification:_identify(.) by extensions ['ignore', 'ignore_ament_install']
[0.194s] Level 1:colcon.colcon_core.package_identification:_identify(.) by extension 'ignore'
[0.194s] Level 1:colcon.colcon_core.package_identification:_identify(.) by extension 'ignore_ament_install'
[0.194s] Level 1:colcon.colcon_core.package_identification:_identify(.) by extensions ['colcon_pkg']
[0.194s] Level 1:colcon.colcon_core.package_identification:_identify(.) by extension 'colcon_pkg'
[0.194s] Level 1:colcon.colcon_core.package_identification:_identify(.) by extensions ['colcon_meta']
[0.194s] Level 1:colcon.colcon_core.package_identification:_identify(.) by extension 'colcon_meta'
[0.194s] Level 1:colcon.colcon_core.package_identification:_identify(.) by extensions ['ros']
[0.194s] Level 1:colcon.colcon_core.package_identification:_identify(.) by extension 'ros'
[0.201s] Level 1:colcon.colcon_core.package_identification:_identify(.) by extensions ['cmake', 'python']
[0.201s] Level 1:colcon.colcon_core.package_identification:_identify(.) by extension 'cmake'
[0.201s] Level 1:colcon.colcon_core.package_identification:_identify(.) by extension 'python'
[0.201s] Level 1:colcon.colcon_core.package_identification:_identify(.) by extensions ['python_setup_py']
[0.201s] Level 1:colcon.colcon_core.package_identification:_identify(.) by extension 'python_setup_py'
[0.201s] Level 1:colcon.colcon_core.package_identification:_identify(build) by extensions ['ignore', 'ignore_ament_install']
[0.201s] Level 1:colcon.colcon_core.package_identification:_identify(build) by extension 'ignore'
[0.201s] Level 1:colcon.colcon_core.package_identification:_identify(build) ignored
[0.202s] Level 1:colcon.colcon_core.package_identification:_identify(challenge1) by extensions ['ignore', 'ignore_ament_install']
[0.202s] Level 1:colcon.colcon_core.package_identification:_identify(challenge1) by extension 'ignore'
[0.202s] Level 1:colcon.colcon_core.package_identification:_identify(challenge1) by extension 'ignore_ament_install'
[0.202s] Level 1:colcon.colcon_core.package_identification:_identify(challenge1) by extensions ['colcon_pkg']
[0.202s] Level 1:colcon.colcon_core.package_identification:_identify(challenge1) by extension 'colcon_pkg'
[0.202s] Level 1:colcon.colcon_core.package_identification:_identify(challenge1) by extensions ['colcon_meta']
[0.202s] Level 1:colcon.colcon_core.package_identification:_identify(challenge1) by extension 'colcon_meta'
[0.202s] Level 1:colcon.colcon_core.package_identification:_identify(challenge1) by extensions ['ros']
[0.202s] Level 1:colcon.colcon_core.package_identification:_identify(challenge1) by extension 'ros'
[0.203s] DEBUG:colcon.colcon_core.package_identification:Package 'challenge1' with type 'ros.ament_python' and name 'challenge1'
[0.203s] Level 1:colcon.colcon_core.package_identification:_identify(install) by extensions ['ignore', 'ignore_ament_install']
[0.203s] Level 1:colcon.colcon_core.package_identification:_identify(install) by extension 'ignore'
[0.203s] Level 1:colcon.colcon_core.package_identification:_identify(install) ignored
[0.203s] Level 1:colcon.colcon_core.package_identification:_identify(interfaces) by extensions ['ignore', 'ignore_ament_install']
[0.204s] Level 1:colcon.colcon_core.package_identification:_identify(interfaces) by extension 'ignore'
[0.204s] Level 1:colcon.colcon_core.package_identification:_identify(interfaces) by extension 'ignore_ament_install'
[0.204s] Level 1:colcon.colcon_core.package_identification:_identify(interfaces) by extensions ['colcon_pkg']
[0.204s] Level 1:colcon.colcon_core.package_identification:_identify(interfaces) by extension 'colcon_pkg'
[0.204s] Level 1:colcon.colcon_core.package_identification:_identify(interfaces) by extensions ['colcon_meta']
[0.204s] Level 1:colcon.colcon_core.package_identification:_identify(interfaces) by extension 'colcon_meta'
[0.204s] Level 1:colcon.colcon_core.package_identification:_identify(interfaces) by extensions ['ros']
[0.204s] Level 1:colcon.colcon_core.package_identification:_identify(interfaces) by extension 'ros'
[0.204s] DEBUG:colcon.colcon_core.package_identification:Package 'interfaces' with type 'ros.ament_cmake' and name 'interfaces'
[0.204s] Level 1:colcon.colcon_core.package_identification:_identify(log) by extensions ['ignore', 'ignore_ament_install']
[0.204s] Level 1:colcon.colcon_core.package_identification:_identify(log) by extension 'ignore'
[0.204s] Level 1:colcon.colcon_core.package_identification:_identify(log) ignored
[0.204s] Level 1:colcon.colcon_core.package_identification:_identify(motor_control) by extensions ['ignore', 'ignore_ament_install']
[0.204s] Level 1:colcon.colcon_core.package_identification:_identify(motor_control) by extension 'ignore'
[0.204s] Level 1:colcon.colcon_core.package_identification:_identify(motor_control) by extension 'ignore_ament_install'
[0.204s] Level 1:colcon.colcon_core.package_identification:_identify(motor_control) by extensions ['colcon_pkg']
[0.204s] Level 1:colcon.colcon_core.package_identification:_identify(motor_control) by extension 'colcon_pkg'
[0.204s] Level 1:colcon.colcon_core.package_identification:_identify(motor_control) by extensions ['colcon_meta']
[0.204s] Level 1:colcon.colcon_core.package_identification:_identify(motor_control) by extension 'colcon_meta'
[0.204s] Level 1:colcon.colcon_core.package_identification:_identify(motor_control) by extensions ['ros']
[0.205s] Level 1:colcon.colcon_core.package_identification:_identify(motor_control) by extension 'ros'
[0.205s] DEBUG:colcon.colcon_core.package_identification:Package 'motor_control' with type 'ros.ament_python' and name 'motor_control'
[0.205s] Level 1:colcon.colcon_core.package_discovery:discover_packages(recursive) using defaults
[0.205s] Level 1:colcon.colcon_core.package_discovery:discover_packages(ignore) discover
[0.205s] Level 1:colcon.colcon_core.package_discovery:discover_packages(ignore) using defaults
[0.205s] Level 1:colcon.colcon_core.package_discovery:discover_packages(path) discover
[0.205s] Level 1:colcon.colcon_core.package_discovery:discover_packages(path) using defaults
[0.227s] Level 1:colcon.colcon_core.package_discovery:discover_packages(prefix_path) check parameters
[0.227s] Level 1:colcon.colcon_core.package_discovery:discover_packages(prefix_path) discover
[0.229s] DEBUG:colcon.colcon_installed_package_information.package_discovery:Found 372 installed packages in /opt/ros/humble
[0.230s] Level 1:colcon.colcon_core.package_discovery:discover_packages(prefix_path) using defaults
[0.261s] Level 5:colcon.colcon_core.verb:set package 'challenge1' build argument 'cmake_args' from command line to 'None'
[0.261s] Level 5:colcon.colcon_core.verb:set package 'challenge1' build argument 'cmake_target' from command line to 'None'
[0.261s] Level 5:colcon.colcon_core.verb:set package 'challenge1' build argument 'cmake_target_skip_unavailable' from command line to 'False'
[0.261s] Level 5:colcon.colcon_core.verb:set package 'challenge1' build argument 'cmake_clean_cache' from command line to 'False'
[0.261s] Level 5:colcon.colcon_core.verb:set package 'challenge1' build argument 'cmake_clean_first' from command line to 'False'
[0.261s] Level 5:colcon.colcon_core.verb:set package 'challenge1' build argument 'cmake_force_configure' from command line to 'False'
[0.261s] Level 5:colcon.colcon_core.verb:set package 'challenge1' build argument 'ament_cmake_args' from command line to 'None'
[0.261s] Level 5:colcon.colcon_core.verb:set package 'challenge1' build argument 'catkin_cmake_args' from command line to 'None'
[0.261s] Level 5:colcon.colcon_core.verb:set package 'challenge1' build argument 'catkin_skip_building_tests' from command line to 'False'
[0.261s] DEBUG:colcon.colcon_core.verb:Building package 'challenge1' with the following arguments: {'ament_cmake_args': None, 'build_base': '/home/emilio/ManchesterRobotics/ch1_ws/src/build/challenge1', 'catkin_cmake_args': None, 'catkin_skip_building_tests': False, 'cmake_args': None, 'cmake_clean_cache': False, 'cmake_clean_first': False, 'cmake_force_configure': False, 'cmake_target': None, 'cmake_target_skip_unavailable': False, 'install_base': '/home/emilio/ManchesterRobotics/ch1_ws/src/install/challenge1', 'merge_install': False, 'path': '/home/emilio/ManchesterRobotics/ch1_ws/src/challenge1', 'symlink_install': False, 'test_result_base': None}
[0.262s] Level 5:colcon.colcon_core.verb:set package 'interfaces' build argument 'cmake_args' from command line to 'None'
[0.262s] Level 5:colcon.colcon_core.verb:set package 'interfaces' build argument 'cmake_target' from command line to 'None'
[0.262s] Level 5:colcon.colcon_core.verb:set package 'interfaces' build argument 'cmake_target_skip_unavailable' from command line to 'False'
[0.262s] Level 5:colcon.colcon_core.verb:set package 'interfaces' build argument 'cmake_clean_cache' from command line to 'False'
[0.262s] Level 5:colcon.colcon_core.verb:set package 'interfaces' build argument 'cmake_clean_first' from command line to 'False'
[0.262s] Level 5:colcon.colcon_core.verb:set package 'interfaces' build argument 'cmake_force_configure' from command line to 'False'
[0.262s] Level 5:colcon.colcon_core.verb:set package 'interfaces' build argument 'ament_cmake_args' from command line to 'None'
[0.262s] Level 5:colcon.colcon_core.verb:set package 'interfaces' build argument 'catkin_cmake_args' from command line to 'None'
[0.262s] Level 5:colcon.colcon_core.verb:set package 'interfaces' build argument 'catkin_skip_building_tests' from command line to 'False'
[0.262s] DEBUG:colcon.colcon_core.verb:Building package 'interfaces' with the following arguments: {'ament_cmake_args': None, 'build_base': '/home/emilio/ManchesterRobotics/ch1_ws/src/build/interfaces', 'catkin_cmake_args': None, 'catkin_skip_building_tests': False, 'cmake_args': None, 'cmake_clean_cache': False, 'cmake_clean_first': False, 'cmake_force_configure': False, 'cmake_target': None, 'cmake_target_skip_unavailable': False, 'install_base': '/home/emilio/ManchesterRobotics/ch1_ws/src/install/interfaces', 'merge_install': False, 'path': '/home/emilio/ManchesterRobotics/ch1_ws/src/interfaces', 'symlink_install': False, 'test_result_base': None}
[0.262s] Level 5:colcon.colcon_core.verb:set package 'motor_control' build argument 'cmake_args' from command line to 'None'
[0.262s] Level 5:colcon.colcon_core.verb:set package 'motor_control' build argument 'cmake_target' from command line to 'None'
[0.262s] Level 5:colcon.colcon_core.verb:set package 'motor_control' build argument 'cmake_target_skip_unavailable' from command line to 'False'
[0.262s] Level 5:colcon.colcon_core.verb:set package 'motor_control' build argument 'cmake_clean_cache' from command line to 'False'
[0.262s] Level 5:colcon.colcon_core.verb:set package 'motor_control' build argument 'cmake_clean_first' from command line to 'False'
[0.262s] Level 5:colcon.colcon_core.verb:set package 'motor_control' build argument 'cmake_force_configure' from command line to 'False'
[0.262s] Level 5:colcon.colcon_core.verb:set package 'motor_control' build argument 'ament_cmake_args' from command line to 'None'
[0.262s] Level 5:colcon.colcon_core.verb:set package 'motor_control' build argument 'catkin_cmake_args' from command line to 'None'
[0.262s] Level 5:colcon.colcon_core.verb:set package 'motor_control' build argument 'catkin_skip_building_tests' from command line to 'False'
[0.262s] DEBUG:colcon.colcon_core.verb:Building package 'motor_control' with the following arguments: {'ament_cmake_args': None, 'build_base': '/home/emilio/ManchesterRobotics/ch1_ws/src/build/motor_control', 'catkin_cmake_args': None, 'catkin_skip_building_tests': False, 'cmake_args': None, 'cmake_clean_cache': False, 'cmake_clean_first': False, 'cmake_force_configure': False, 'cmake_target': None, 'cmake_target_skip_unavailable': False, 'install_base': '/home/emilio/ManchesterRobotics/ch1_ws/src/install/motor_control', 'merge_install': False, 'path': '/home/emilio/ManchesterRobotics/ch1_ws/src/motor_control', 'symlink_install': False, 'test_result_base': None}
[0.262s] INFO:colcon.colcon_core.executor:Executing jobs using 'parallel' executor
[0.263s] DEBUG:colcon.colcon_parallel_executor.executor.parallel:run_until_complete
[0.263s] INFO:colcon.colcon_ros.task.ament_python.build:Building ROS package in '/home/emilio/ManchesterRobotics/ch1_ws/src/challenge1' with build type 'ament_python'
[0.263s] Level 1:colcon.colcon_core.shell:create_environment_hook('challenge1', 'ament_prefix_path')
[0.265s] INFO:colcon.colcon_core.plugin_system:Skipping extension 'colcon_core.shell.bat': Not used on non-Windows systems
[0.265s] INFO:colcon.colcon_core.shell:Creating environment hook '/home/emilio/ManchesterRobotics/ch1_ws/src/install/challenge1/share/challenge1/hook/ament_prefix_path.ps1'
[0.266s] INFO:colcon.colcon_core.shell:Creating environment descriptor '/home/emilio/ManchesterRobotics/ch1_ws/src/install/challenge1/share/challenge1/hook/ament_prefix_path.dsv'
[0.266s] INFO:colcon.colcon_core.shell:Creating environment hook '/home/emilio/ManchesterRobotics/ch1_ws/src/install/challenge1/share/challenge1/hook/ament_prefix_path.sh'
[0.266s] INFO:colcon.colcon_core.shell:Skip shell extension 'powershell' for command environment: Not usable outside of PowerShell
[0.266s] DEBUG:colcon.colcon_core.shell:Skip shell extension 'dsv' for command environment
[0.269s] INFO:colcon.colcon_ros.task.ament_cmake.build:Building ROS package in '/home/emilio/ManchesterRobotics/ch1_ws/src/interfaces' with build type 'ament_cmake'
[0.269s] INFO:colcon.colcon_cmake.task.cmake.build:Building CMake package in '/home/emilio/ManchesterRobotics/ch1_ws/src/interfaces'
[0.269s] INFO:colcon.colcon_core.shell:Skip shell extension 'powershell' for command environment: Not usable outside of PowerShell
[0.269s] DEBUG:colcon.colcon_core.shell:Skip shell extension 'dsv' for command environment
[0.271s] INFO:colcon.colcon_ros.task.ament_python.build:Building ROS package in '/home/emilio/ManchesterRobotics/ch1_ws/src/motor_control' with build type 'ament_python'
[0.271s] Level 1:colcon.colcon_core.shell:create_environment_hook('motor_control', 'ament_prefix_path')
[0.271s] INFO:colcon.colcon_core.shell:Creating environment hook '/home/emilio/ManchesterRobotics/ch1_ws/src/install/motor_control/share/motor_control/hook/ament_prefix_path.ps1'
[0.279s] INFO:colcon.colcon_core.shell:Creating environment descriptor '/home/emilio/ManchesterRobotics/ch1_ws/src/install/motor_control/share/motor_control/hook/ament_prefix_path.dsv'
[0.280s] INFO:colcon.colcon_core.shell:Creating environment hook '/home/emilio/ManchesterRobotics/ch1_ws/src/install/motor_control/share/motor_control/hook/ament_prefix_path.sh'
[0.281s] INFO:colcon.colcon_core.shell:Skip shell extension 'powershell' for command environment: Not usable outside of PowerShell
[0.281s] DEBUG:colcon.colcon_core.shell:Skip shell extension 'dsv' for command environment
[0.461s] INFO:colcon.colcon_core.task.python.build:Building Python package in '/home/emilio/ManchesterRobotics/ch1_ws/src/challenge1'
[0.462s] INFO:colcon.colcon_core.shell:Skip shell extension 'powershell' for command environment: Not usable outside of PowerShell
[0.462s] DEBUG:colcon.colcon_core.shell:Skip shell extension 'dsv' for command environment
[0.467s] DEBUG:colcon.colcon_core.event_handler.log_command:Invoking command in '/home/emilio/ManchesterRobotics/ch1_ws/src/build/interfaces': CMAKE_PREFIX_PATH=/opt/ros/humble /usr/bin/cmake /home/emilio/ManchesterRobotics/ch1_ws/src/interfaces -DCMAKE_INSTALL_PREFIX=/home/emilio/ManchesterRobotics/ch1_ws/src/install/interfaces
[0.645s] INFO:colcon.colcon_core.task.python.build:Building Python package in '/home/emilio/ManchesterRobotics/ch1_ws/src/motor_control'
[0.646s] INFO:colcon.colcon_core.shell:Skip shell extension 'powershell' for command environment: Not usable outside of PowerShell
[0.646s] DEBUG:colcon.colcon_core.shell:Skip shell extension 'dsv' for command environment
[0.914s] DEBUG:colcon.colcon_core.event_handler.log_command:Invoking command in '/home/emilio/ManchesterRobotics/ch1_ws/src/motor_control': PYTHONPATH=/home/emilio/ManchesterRobotics/ch1_ws/src/build/motor_control/prefix_override:/usr/lib/python3/dist-packages/colcon_core/task/python/colcon_distutils_commands:/home/emilio/ManchesterRobotics/ch1_ws/src/install/motor_control/lib/python3.10/site-packages:${PYTHONPATH} /usr/bin/python3 -W ignore:setup.py install is deprecated -W ignore:easy_install command is deprecated setup.py egg_info --egg-base ../build/motor_control build --build-base /home/emilio/ManchesterRobotics/ch1_ws/src/build/motor_control/build install --record /home/emilio/ManchesterRobotics/ch1_ws/src/build/motor_control/install.log --single-version-externally-managed install_data
[0.920s] DEBUG:colcon.colcon_core.event_handler.log_command:Invoking command in '/home/emilio/ManchesterRobotics/ch1_ws/src/challenge1': PYTHONPATH=/home/emilio/ManchesterRobotics/ch1_ws/src/build/challenge1/prefix_override:/usr/lib/python3/dist-packages/colcon_core/task/python/colcon_distutils_commands:/home/emilio/ManchesterRobotics/ch1_ws/src/install/challenge1/lib/python3.10/site-packages:${PYTHONPATH} /usr/bin/python3 -W ignore:setup.py install is deprecated -W ignore:easy_install command is deprecated setup.py egg_info --egg-base ../build/challenge1 build --build-base /home/emilio/ManchesterRobotics/ch1_ws/src/build/challenge1/build install --record /home/emilio/ManchesterRobotics/ch1_ws/src/build/challenge1/install.log --single-version-externally-managed install_data
[1.136s] DEBUG:colcon.colcon_core.event_handler.log_command:Invoked command in '/home/emilio/ManchesterRobotics/ch1_ws/src/motor_control' returned '0': PYTHONPATH=/home/emilio/ManchesterRobotics/ch1_ws/src/build/motor_control/prefix_override:/usr/lib/python3/dist-packages/colcon_core/task/python/colcon_distutils_commands:/home/emilio/ManchesterRobotics/ch1_ws/src/install/motor_control/lib/python3.10/site-packages:${PYTHONPATH} /usr/bin/python3 -W ignore:setup.py install is deprecated -W ignore:easy_install command is deprecated setup.py egg_info --egg-base ../build/motor_control build --build-base /home/emilio/ManchesterRobotics/ch1_ws/src/build/motor_control/build install --record /home/emilio/ManchesterRobotics/ch1_ws/src/build/motor_control/install.log --single-version-externally-managed install_data
[1.138s] Level 1:colcon.colcon_core.environment:checking '/home/emilio/ManchesterRobotics/ch1_ws/src/install/motor_control' for CMake module files
[1.138s] Level 1:colcon.colcon_core.environment:checking '/home/emilio/ManchesterRobotics/ch1_ws/src/install/motor_control' for CMake config files
[1.138s] Level 1:colcon.colcon_core.environment:checking '/home/emilio/ManchesterRobotics/ch1_ws/src/install/motor_control/lib'
[1.139s] Level 1:colcon.colcon_core.environment:checking '/home/emilio/ManchesterRobotics/ch1_ws/src/install/motor_control/bin'
[1.139s] Level 1:colcon.colcon_core.environment:checking '/home/emilio/ManchesterRobotics/ch1_ws/src/install/motor_control/lib/pkgconfig/motor_control.pc'
[1.139s] Level 1:colcon.colcon_core.environment:checking '/home/emilio/ManchesterRobotics/ch1_ws/src/install/motor_control/lib/python3.10/site-packages'
[1.139s] Level 1:colcon.colcon_core.shell:create_environment_hook('motor_control', 'pythonpath')
[1.139s] INFO:colcon.colcon_core.shell:Creating environment hook '/home/emilio/ManchesterRobotics/ch1_ws/src/install/motor_control/share/motor_control/hook/pythonpath.ps1'
[1.139s] INFO:colcon.colcon_core.shell:Creating environment descriptor '/home/emilio/ManchesterRobotics/ch1_ws/src/install/motor_control/share/motor_control/hook/pythonpath.dsv'
[1.139s] INFO:colcon.colcon_core.shell:Creating environment hook '/home/emilio/ManchesterRobotics/ch1_ws/src/install/motor_control/share/motor_control/hook/pythonpath.sh'
[1.140s] Level 1:colcon.colcon_core.environment:checking '/home/emilio/ManchesterRobotics/ch1_ws/src/install/motor_control/bin'
[1.140s] Level 1:colcon.colcon_core.environment:create_environment_scripts_only(motor_control)
[1.140s] INFO:colcon.colcon_core.shell:Creating package script '/home/emilio/ManchesterRobotics/ch1_ws/src/install/motor_control/share/motor_control/package.ps1'
[1.141s] INFO:colcon.colcon_core.shell:Creating package descriptor '/home/emilio/ManchesterRobotics/ch1_ws/src/install/motor_control/share/motor_control/package.dsv'
[1.141s] INFO:colcon.colcon_core.shell:Creating package script '/home/emilio/ManchesterRobotics/ch1_ws/src/install/motor_control/share/motor_control/package.sh'
[1.142s] INFO:colcon.colcon_core.shell:Creating package script '/home/emilio/ManchesterRobotics/ch1_ws/src/install/motor_control/share/motor_control/package.bash'
[1.142s] INFO:colcon.colcon_core.shell:Creating package script '/home/emilio/ManchesterRobotics/ch1_ws/src/install/motor_control/share/motor_control/package.zsh'
[1.142s] Level 1:colcon.colcon_core.environment:create_file_with_runtime_dependencies(/home/emilio/ManchesterRobotics/ch1_ws/src/install/motor_control/share/colcon-core/packages/motor_control)
[1.144s] Level 1:colcon.colcon_core.environment:checking '/home/emilio/ManchesterRobotics/ch1_ws/src/install/challenge1' for CMake module files
[1.144s] DEBUG:colcon.colcon_core.event_handler.log_command:Invoked command in '/home/emilio/ManchesterRobotics/ch1_ws/src/challenge1' returned '0': PYTHONPATH=/home/emilio/ManchesterRobotics/ch1_ws/src/build/challenge1/prefix_override:/usr/lib/python3/dist-packages/colcon_core/task/python/colcon_distutils_commands:/home/emilio/ManchesterRobotics/ch1_ws/src/install/challenge1/lib/python3.10/site-packages:${PYTHONPATH} /usr/bin/python3 -W ignore:setup.py install is deprecated -W ignore:easy_install command is deprecated setup.py egg_info --egg-base ../build/challenge1 build --build-base /home/emilio/ManchesterRobotics/ch1_ws/src/build/challenge1/build install --record /home/emilio/ManchesterRobotics/ch1_ws/src/build/challenge1/install.log --single-version-externally-managed install_data
[1.144s] Level 1:colcon.colcon_core.environment:checking '/home/emilio/ManchesterRobotics/ch1_ws/src/install/challenge1' for CMake config files
[1.146s] Level 1:colcon.colcon_core.environment:checking '/home/emilio/ManchesterRobotics/ch1_ws/src/install/challenge1/lib'
[1.146s] Level 1:colcon.colcon_core.environment:checking '/home/emilio/ManchesterRobotics/ch1_ws/src/install/challenge1/bin'
[1.146s] Level 1:colcon.colcon_core.environment:checking '/home/emilio/ManchesterRobotics/ch1_ws/src/install/challenge1/lib/pkgconfig/challenge1.pc'
[1.146s] Level 1:colcon.colcon_core.environment:checking '/home/emilio/ManchesterRobotics/ch1_ws/src/install/challenge1/lib/python3.10/site-packages'
[1.146s] Level 1:colcon.colcon_core.shell:create_environment_hook('challenge1', 'pythonpath')
[1.146s] INFO:colcon.colcon_core.shell:Creating environment hook '/home/emilio/ManchesterRobotics/ch1_ws/src/install/challenge1/share/challenge1/hook/pythonpath.ps1'
[1.147s] INFO:colcon.colcon_core.shell:Creating environment descriptor '/home/emilio/ManchesterRobotics/ch1_ws/src/install/challenge1/share/challenge1/hook/pythonpath.dsv'
[1.147s] INFO:colcon.colcon_core.shell:Creating environment hook '/home/emilio/ManchesterRobotics/ch1_ws/src/install/challenge1/share/challenge1/hook/pythonpath.sh'
[1.148s] Level 1:colcon.colcon_core.environment:checking '/home/emilio/ManchesterRobotics/ch1_ws/src/install/challenge1/bin'
[1.148s] Level 1:colcon.colcon_core.environment:create_environment_scripts_only(challenge1)
[1.148s] INFO:colcon.colcon_core.shell:Creating package script '/home/emilio/ManchesterRobotics/ch1_ws/src/install/challenge1/share/challenge1/package.ps1'
[1.148s] INFO:colcon.colcon_core.shell:Creating package descriptor '/home/emilio/ManchesterRobotics/ch1_ws/src/install/challenge1/share/challenge1/package.dsv'
[1.149s] INFO:colcon.colcon_core.shell:Creating package script '/home/emilio/ManchesterRobotics/ch1_ws/src/install/challenge1/share/challenge1/package.sh'
[1.149s] INFO:colcon.colcon_core.shell:Creating package script '/home/emilio/ManchesterRobotics/ch1_ws/src/install/challenge1/share/challenge1/package.bash'
[1.149s] INFO:colcon.colcon_core.shell:Creating package script '/home/emilio/ManchesterRobotics/ch1_ws/src/install/challenge1/share/challenge1/package.zsh'
[1.150s] Level 1:colcon.colcon_core.environment:create_file_with_runtime_dependencies(/home/emilio/ManchesterRobotics/ch1_ws/src/install/challenge1/share/colcon-core/packages/challenge1)
[1.299s] DEBUG:colcon.colcon_core.event_handler.log_command:Invoked command in '/home/emilio/ManchesterRobotics/ch1_ws/src/build/interfaces' returned '0': CMAKE_PREFIX_PATH=/opt/ros/humble /usr/bin/cmake /home/emilio/ManchesterRobotics/ch1_ws/src/interfaces -DCMAKE_INSTALL_PREFIX=/home/emilio/ManchesterRobotics/ch1_ws/src/install/interfaces
[1.300s] DEBUG:colcon.colcon_core.event_handler.log_command:Invoking command in '/home/emilio/ManchesterRobotics/ch1_ws/src/build/interfaces': CMAKE_PREFIX_PATH=/opt/ros/humble /usr/bin/cmake --build /home/emilio/ManchesterRobotics/ch1_ws/src/build/interfaces -- -j16 -l16
[3.033s] DEBUG:colcon.colcon_core.event_handler.log_command:Invoked command in '/home/emilio/ManchesterRobotics/ch1_ws/src/build/interfaces' returned '0': CMAKE_PREFIX_PATH=/opt/ros/humble /usr/bin/cmake --build /home/emilio/ManchesterRobotics/ch1_ws/src/build/interfaces -- -j16 -l16
[3.042s] DEBUG:colcon.colcon_core.event_handler.log_command:Invoking command in '/home/emilio/ManchesterRobotics/ch1_ws/src/build/interfaces': CMAKE_PREFIX_PATH=/opt/ros/humble /usr/bin/cmake --install /home/emilio/ManchesterRobotics/ch1_ws/src/build/interfaces
[3.095s] Level 1:colcon.colcon_core.environment:create_environment_scripts_only(interfaces)
[3.095s] DEBUG:colcon.colcon_core.event_handler.log_command:Invoked command in '/home/emilio/ManchesterRobotics/ch1_ws/src/build/interfaces' returned '0': CMAKE_PREFIX_PATH=/opt/ros/humble /usr/bin/cmake --install /home/emilio/ManchesterRobotics/ch1_ws/src/build/interfaces
[3.096s] Level 1:colcon.colcon_core.environment:checking '/home/emilio/ManchesterRobotics/ch1_ws/src/install/interfaces' for CMake module files
[3.096s] Level 1:colcon.colcon_core.environment:checking '/home/emilio/ManchesterRobotics/ch1_ws/src/install/interfaces' for CMake config files
[3.097s] Level 1:colcon.colcon_core.shell:create_environment_hook('interfaces', 'cmake_prefix_path')
[3.097s] INFO:colcon.colcon_core.shell:Creating environment hook '/home/emilio/ManchesterRobotics/ch1_ws/src/install/interfaces/share/interfaces/hook/cmake_prefix_path.ps1'
[3.097s] INFO:colcon.colcon_core.shell:Creating environment descriptor '/home/emilio/ManchesterRobotics/ch1_ws/src/install/interfaces/share/interfaces/hook/cmake_prefix_path.dsv'
[3.098s] INFO:colcon.colcon_core.shell:Creating environment hook '/home/emilio/ManchesterRobotics/ch1_ws/src/install/interfaces/share/interfaces/hook/cmake_prefix_path.sh'
[3.098s] Level 1:colcon.colcon_core.environment:checking '/home/emilio/ManchesterRobotics/ch1_ws/src/install/interfaces/lib'
[3.098s] Level 1:colcon.colcon_core.shell:create_environment_hook('interfaces', 'ld_library_path_lib')
[3.098s] INFO:colcon.colcon_core.shell:Creating environment hook '/home/emilio/ManchesterRobotics/ch1_ws/src/install/interfaces/share/interfaces/hook/ld_library_path_lib.ps1'
[3.098s] INFO:colcon.colcon_core.shell:Creating environment descriptor '/home/emilio/ManchesterRobotics/ch1_ws/src/install/interfaces/share/interfaces/hook/ld_library_path_lib.dsv'
[3.099s] INFO:colcon.colcon_core.shell:Creating environment hook '/home/emilio/ManchesterRobotics/ch1_ws/src/install/interfaces/share/interfaces/hook/ld_library_path_lib.sh'
[3.099s] Level 1:colcon.colcon_core.environment:checking '/home/emilio/ManchesterRobotics/ch1_ws/src/install/interfaces/bin'
[3.099s] Level 1:colcon.colcon_core.environment:checking '/home/emilio/ManchesterRobotics/ch1_ws/src/install/interfaces/lib/pkgconfig/interfaces.pc'
[3.099s] Level 1:colcon.colcon_core.environment:checking '/home/emilio/ManchesterRobotics/ch1_ws/src/install/interfaces/lib/python3.10/site-packages'
[3.099s] Level 1:colcon.colcon_core.environment:checking '/home/emilio/ManchesterRobotics/ch1_ws/src/install/interfaces/bin'
[3.100s] INFO:colcon.colcon_core.shell:Creating package script '/home/emilio/ManchesterRobotics/ch1_ws/src/install/interfaces/share/interfaces/package.ps1'
[3.100s] INFO:colcon.colcon_core.shell:Creating package descriptor '/home/emilio/ManchesterRobotics/ch1_ws/src/install/interfaces/share/interfaces/package.dsv'
[3.100s] INFO:colcon.colcon_core.shell:Creating package script '/home/emilio/ManchesterRobotics/ch1_ws/src/install/interfaces/share/interfaces/package.sh'
[3.100s] INFO:colcon.colcon_core.shell:Creating package script '/home/emilio/ManchesterRobotics/ch1_ws/src/install/interfaces/share/interfaces/package.bash'
[3.101s] INFO:colcon.colcon_core.shell:Creating package script '/home/emilio/ManchesterRobotics/ch1_ws/src/install/interfaces/share/interfaces/package.zsh'
[3.101s] Level 1:colcon.colcon_core.environment:create_file_with_runtime_dependencies(/home/emilio/ManchesterRobotics/ch1_ws/src/install/interfaces/share/colcon-core/packages/interfaces)
[3.101s] Level 1:colcon.colcon_core.environment:create_environment_scripts_only(interfaces)
[3.101s] Level 1:colcon.colcon_core.environment:checking '/home/emilio/ManchesterRobotics/ch1_ws/src/install/interfaces' for CMake module files
[3.102s] Level 1:colcon.colcon_core.environment:checking '/home/emilio/ManchesterRobotics/ch1_ws/src/install/interfaces' for CMake config files
[3.102s] Level 1:colcon.colcon_core.shell:create_environment_hook('interfaces', 'cmake_prefix_path')
[3.102s] INFO:colcon.colcon_core.shell:Creating environment hook '/home/emilio/ManchesterRobotics/ch1_ws/src/install/interfaces/share/interfaces/hook/cmake_prefix_path.ps1'
[3.102s] INFO:colcon.colcon_core.shell:Creating environment descriptor '/home/emilio/ManchesterRobotics/ch1_ws/src/install/interfaces/share/interfaces/hook/cmake_prefix_path.dsv'
[3.103s] INFO:colcon.colcon_core.shell:Creating environment hook '/home/emilio/ManchesterRobotics/ch1_ws/src/install/interfaces/share/interfaces/hook/cmake_prefix_path.sh'
[3.103s] Level 1:colcon.colcon_core.environment:checking '/home/emilio/ManchesterRobotics/ch1_ws/src/install/interfaces/lib'
[3.103s] Level 1:colcon.colcon_core.shell:create_environment_hook('interfaces', 'ld_library_path_lib')
[3.103s] INFO:colcon.colcon_core.shell:Creating environment hook '/home/emilio/ManchesterRobotics/ch1_ws/src/install/interfaces/share/interfaces/hook/ld_library_path_lib.ps1'
[3.103s] INFO:colcon.colcon_core.shell:Creating environment descriptor '/home/emilio/ManchesterRobotics/ch1_ws/src/install/interfaces/share/interfaces/hook/ld_library_path_lib.dsv'
[3.104s] INFO:colcon.colcon_core.shell:Creating environment hook '/home/emilio/ManchesterRobotics/ch1_ws/src/install/interfaces/share/interfaces/hook/ld_library_path_lib.sh'
[3.104s] Level 1:colcon.colcon_core.environment:checking '/home/emilio/ManchesterRobotics/ch1_ws/src/install/interfaces/bin'
[3.104s] Level 1:colcon.colcon_core.environment:checking '/home/emilio/ManchesterRobotics/ch1_ws/src/install/interfaces/lib/pkgconfig/interfaces.pc'
[3.104s] Level 1:colcon.colcon_core.environment:checking '/home/emilio/ManchesterRobotics/ch1_ws/src/install/interfaces/lib/python3.10/site-packages'
[3.104s] Level 1:colcon.colcon_core.environment:checking '/home/emilio/ManchesterRobotics/ch1_ws/src/install/interfaces/bin'
[3.105s] INFO:colcon.colcon_core.shell:Creating package script '/home/emilio/ManchesterRobotics/ch1_ws/src/install/interfaces/share/interfaces/package.ps1'
[3.105s] INFO:colcon.colcon_core.shell:Creating package descriptor '/home/emilio/ManchesterRobotics/ch1_ws/src/install/interfaces/share/interfaces/package.dsv'
[3.105s] INFO:colcon.colcon_core.shell:Creating package script '/home/emilio/ManchesterRobotics/ch1_ws/src/install/interfaces/share/interfaces/package.sh'
[3.105s] INFO:colcon.colcon_core.shell:Creating package script '/home/emilio/ManchesterRobotics/ch1_ws/src/install/interfaces/share/interfaces/package.bash'
[3.106s] INFO:colcon.colcon_core.shell:Creating package script '/home/emilio/ManchesterRobotics/ch1_ws/src/install/interfaces/share/interfaces/package.zsh'
[3.106s] Level 1:colcon.colcon_core.environment:create_file_with_runtime_dependencies(/home/emilio/ManchesterRobotics/ch1_ws/src/install/interfaces/share/colcon-core/packages/interfaces)
[3.106s] DEBUG:colcon.colcon_parallel_executor.executor.parallel:closing loop
[3.107s] DEBUG:colcon.colcon_parallel_executor.executor.parallel:loop closed
[3.107s] DEBUG:colcon.colcon_parallel_executor.executor.parallel:run_until_complete finished with '0'
[3.107s] DEBUG:colcon.colcon_core.event_reactor:joining thread
[3.111s] INFO:colcon.colcon_core.plugin_system:Skipping extension 'colcon_notification.desktop_notification.terminal_notifier': Not used on non-Darwin systems
[3.111s] INFO:colcon.colcon_core.plugin_system:Skipping extension 'colcon_notification.desktop_notification.win32': Not used on non-Windows systems
[3.111s] INFO:colcon.colcon_notification.desktop_notification:Sending desktop notification using 'notify2'
[3.120s] DEBUG:colcon.colcon_core.event_reactor:joined thread
[3.120s] INFO:colcon.colcon_core.shell:Creating prefix script '/home/emilio/ManchesterRobotics/ch1_ws/src/install/local_setup.ps1'
[3.122s] INFO:colcon.colcon_core.shell:Creating prefix util module '/home/emilio/ManchesterRobotics/ch1_ws/src/install/_local_setup_util_ps1.py'
[3.122s] INFO:colcon.colcon_core.shell:Creating prefix chain script '/home/emilio/ManchesterRobotics/ch1_ws/src/install/setup.ps1'
[3.123s] INFO:colcon.colcon_core.shell:Creating prefix script '/home/emilio/ManchesterRobotics/ch1_ws/src/install/local_setup.sh'
[3.123s] INFO:colcon.colcon_core.shell:Creating prefix util module '/home/emilio/ManchesterRobotics/ch1_ws/src/install/_local_setup_util_sh.py'
[3.124s] INFO:colcon.colcon_core.shell:Creating prefix chain script '/home/emilio/ManchesterRobotics/ch1_ws/src/install/setup.sh'
[3.125s] INFO:colcon.colcon_core.shell:Creating prefix script '/home/emilio/ManchesterRobotics/ch1_ws/src/install/local_setup.bash'
[3.125s] INFO:colcon.colcon_core.shell:Creating prefix chain script '/home/emilio/ManchesterRobotics/ch1_ws/src/install/setup.bash'
[3.126s] INFO:colcon.colcon_core.shell:Creating prefix script '/home/emilio/ManchesterRobotics/ch1_ws/src/install/local_setup.zsh'
[3.126s] INFO:colcon.colcon_core.shell:Creating prefix chain script '/home/emilio/ManchesterRobotics/ch1_ws/src/install/setup.zsh'
