[0.201s] Invoking command in '/home/emilio/ManchesterRobotics/ch1_ws/src/build/interfaces': CMAKE_PREFIX_PATH=${CMAKE_PREFIX_PATH}:/home/emilio/ManchesterRobotics/ch1_ws/src/install/motor_control:/home/emilio/ManchesterRobotics/ch1_ws/src/install/challenge1:/opt/ros/humble /usr/bin/cmake --build /home/emilio/ManchesterRobotics/ch1_ws/src/build/interfaces -- -j16 -l16
[0.246s] [  3%] Built target interfaces__cpp
[0.247s] [ 12%] Built target interfaces__rosidl_generator_c
[0.255s] [ 12%] Built target ament_cmake_python_copy_interfaces
[0.264s] [ 38%] Built target interfaces__rosidl_typesupport_c
[0.264s] [ 38%] Built target interfaces__rosidl_typesupport_cpp
[0.265s] [ 45%] Built target interfaces__rosidl_typesupport_introspection_c
[0.265s] [ 61%] Built target interfaces__rosidl_typesupport_fastrtps_cpp
[0.265s] [ 61%] Built target interfaces__rosidl_typesupport_introspection_cpp
[0.265s] [ 70%] Built target interfaces__rosidl_typesupport_fastrtps_c
[0.285s] [ 70%] Built target interfaces
[0.306s] [ 74%] Built target interfaces__py
[0.328s] [ 80%] Built target interfaces__rosidl_generator_py
[0.348s] [100%] Built target interfaces__rosidl_typesupport_c__pyext
[0.349s] [100%] Built target interfaces__rosidl_typesupport_introspection_c__pyext
[0.349s] [100%] Built target interfaces__rosidl_typesupport_fastrtps_c__pyext
[0.449s] running egg_info
[0.449s] writing interfaces.egg-info/PKG-INFO
[0.450s] writing dependency_links to interfaces.egg-info/dependency_links.txt
[0.450s] writing top-level names to interfaces.egg-info/top_level.txt
[0.451s] reading manifest file 'interfaces.egg-info/SOURCES.txt'
[0.451s] writing manifest file 'interfaces.egg-info/SOURCES.txt'
[0.476s] [100%] Built target ament_cmake_python_build_interfaces_egg
[0.488s] Invoked command in '/home/emilio/ManchesterRobotics/ch1_ws/src/build/interfaces' returned '0': CMAKE_PREFIX_PATH=${CMAKE_PREFIX_PATH}:/home/emilio/ManchesterRobotics/ch1_ws/src/install/motor_control:/home/emilio/ManchesterRobotics/ch1_ws/src/install/challenge1:/opt/ros/humble /usr/bin/cmake --build /home/emilio/ManchesterRobotics/ch1_ws/src/build/interfaces -- -j16 -l16
[0.498s] Invoking command in '/home/emilio/ManchesterRobotics/ch1_ws/src/build/interfaces': CMAKE_PREFIX_PATH=${CMAKE_PREFIX_PATH}:/home/emilio/ManchesterRobotics/ch1_ws/src/install/motor_control:/home/emilio/ManchesterRobotics/ch1_ws/src/install/challenge1:/opt/ros/humble /usr/bin/cmake --install /home/emilio/ManchesterRobotics/ch1_ws/src/build/interfaces
[0.506s] -- Install configuration: ""
[0.506s] -- Up-to-date: /home/emilio/ManchesterRobotics/ch1_ws/src/install/interfaces/share/ament_index/resource_index/rosidl_interfaces/interfaces
[0.506s] -- Up-to-date: /home/emilio/ManchesterRobotics/ch1_ws/src/install/interfaces/include/interfaces/interfaces
[0.506s] -- Up-to-date: /home/emilio/ManchesterRobotics/ch1_ws/src/install/interfaces/include/interfaces/interfaces/srv
[0.506s] -- Up-to-date: /home/emilio/ManchesterRobotics/ch1_ws/src/install/interfaces/include/interfaces/interfaces/srv/set_process_bool.h
[0.506s] -- Up-to-date: /home/emilio/ManchesterRobotics/ch1_ws/src/install/interfaces/include/interfaces/interfaces/srv/detail
[0.506s] -- Up-to-date: /home/emilio/ManchesterRobotics/ch1_ws/src/install/interfaces/include/interfaces/interfaces/srv/detail/set_process_bool__type_support.h
[0.507s] -- Up-to-date: /home/emilio/ManchesterRobotics/ch1_ws/src/install/interfaces/include/interfaces/interfaces/srv/detail/set_process_bool__functions.c
[0.507s] -- Up-to-date: /home/emilio/ManchesterRobotics/ch1_ws/src/install/interfaces/include/interfaces/interfaces/srv/detail/set_process_bool__struct.h
[0.507s] -- Up-to-date: /home/emilio/ManchesterRobotics/ch1_ws/src/install/interfaces/include/interfaces/interfaces/srv/detail/set_process_bool__functions.h
[0.507s] -- Up-to-date: /home/emilio/ManchesterRobotics/ch1_ws/src/install/interfaces/include/interfaces/interfaces/msg
[0.507s] -- Up-to-date: /home/emilio/ManchesterRobotics/ch1_ws/src/install/interfaces/include/interfaces/interfaces/msg/rosidl_generator_c__visibility_control.h
[0.507s] -- Up-to-date: /home/emilio/ManchesterRobotics/ch1_ws/src/install/interfaces/share/interfaces/environment/library_path.sh
[0.507s] -- Up-to-date: /home/emilio/ManchesterRobotics/ch1_ws/src/install/interfaces/share/interfaces/environment/library_path.dsv
[0.507s] -- Up-to-date: /home/emilio/ManchesterRobotics/ch1_ws/src/install/interfaces/lib/libinterfaces__rosidl_generator_c.so
[0.507s] -- Up-to-date: /home/emilio/ManchesterRobotics/ch1_ws/src/install/interfaces/include/interfaces/interfaces
[0.507s] -- Up-to-date: /home/emilio/ManchesterRobotics/ch1_ws/src/install/interfaces/include/interfaces/interfaces/srv
[0.507s] -- Up-to-date: /home/emilio/ManchesterRobotics/ch1_ws/src/install/interfaces/include/interfaces/interfaces/srv/detail
[0.507s] -- Up-to-date: /home/emilio/ManchesterRobotics/ch1_ws/src/install/interfaces/include/interfaces/interfaces/srv/detail/set_process_bool__rosidl_typesupport_fastrtps_c.h
[0.507s] -- Up-to-date: /home/emilio/ManchesterRobotics/ch1_ws/src/install/interfaces/include/interfaces/interfaces/msg
[0.507s] -- Up-to-date: /home/emilio/ManchesterRobotics/ch1_ws/src/install/interfaces/include/interfaces/interfaces/msg/rosidl_typesupport_fastrtps_c__visibility_control.h
[0.507s] -- Up-to-date: /home/emilio/ManchesterRobotics/ch1_ws/src/install/interfaces/lib/libinterfaces__rosidl_typesupport_fastrtps_c.so
[0.507s] -- Up-to-date: /home/emilio/ManchesterRobotics/ch1_ws/src/install/interfaces/include/interfaces/interfaces
[0.507s] -- Up-to-date: /home/emilio/ManchesterRobotics/ch1_ws/src/install/interfaces/include/interfaces/interfaces/srv
[0.507s] -- Up-to-date: /home/emilio/ManchesterRobotics/ch1_ws/src/install/interfaces/include/interfaces/interfaces/srv/detail
[0.507s] -- Up-to-date: /home/emilio/ManchesterRobotics/ch1_ws/src/install/interfaces/include/interfaces/interfaces/srv/detail/set_process_bool__rosidl_typesupport_introspection_c.h
[0.508s] -- Up-to-date: /home/emilio/ManchesterRobotics/ch1_ws/src/install/interfaces/include/interfaces/interfaces/srv/detail/set_process_bool__type_support.c
[0.508s] -- Up-to-date: /home/emilio/ManchesterRobotics/ch1_ws/src/install/interfaces/include/interfaces/interfaces/msg
[0.508s] -- Up-to-date: /home/emilio/ManchesterRobotics/ch1_ws/src/install/interfaces/include/interfaces/interfaces/msg/rosidl_typesupport_introspection_c__visibility_control.h
[0.508s] -- Up-to-date: /home/emilio/ManchesterRobotics/ch1_ws/src/install/interfaces/lib/libinterfaces__rosidl_typesupport_introspection_c.so
[0.508s] -- Up-to-date: /home/emilio/ManchesterRobotics/ch1_ws/src/install/interfaces/lib/libinterfaces__rosidl_typesupport_c.so
[0.508s] -- Up-to-date: /home/emilio/ManchesterRobotics/ch1_ws/src/install/interfaces/include/interfaces/interfaces
[0.508s] -- Up-to-date: /home/emilio/ManchesterRobotics/ch1_ws/src/install/interfaces/include/interfaces/interfaces/srv
[0.508s] -- Up-to-date: /home/emilio/ManchesterRobotics/ch1_ws/src/install/interfaces/include/interfaces/interfaces/srv/detail
[0.508s] -- Up-to-date: /home/emilio/ManchesterRobotics/ch1_ws/src/install/interfaces/include/interfaces/interfaces/srv/detail/set_process_bool__builder.hpp
[0.508s] -- Up-to-date: /home/emilio/ManchesterRobotics/ch1_ws/src/install/interfaces/include/interfaces/interfaces/srv/detail/set_process_bool__type_support.hpp
[0.508s] -- Up-to-date: /home/emilio/ManchesterRobotics/ch1_ws/src/install/interfaces/include/interfaces/interfaces/srv/detail/set_process_bool__traits.hpp
[0.508s] -- Up-to-date: /home/emilio/ManchesterRobotics/ch1_ws/src/install/interfaces/include/interfaces/interfaces/srv/detail/set_process_bool__struct.hpp
[0.508s] -- Up-to-date: /home/emilio/ManchesterRobotics/ch1_ws/src/install/interfaces/include/interfaces/interfaces/srv/set_process_bool.hpp
[0.508s] -- Up-to-date: /home/emilio/ManchesterRobotics/ch1_ws/src/install/interfaces/include/interfaces/interfaces/msg
[0.508s] -- Up-to-date: /home/emilio/ManchesterRobotics/ch1_ws/src/install/interfaces/include/interfaces/interfaces/msg/rosidl_generator_cpp__visibility_control.hpp
[0.508s] -- Up-to-date: /home/emilio/ManchesterRobotics/ch1_ws/src/install/interfaces/include/interfaces/interfaces
[0.508s] -- Up-to-date: /home/emilio/ManchesterRobotics/ch1_ws/src/install/interfaces/include/interfaces/interfaces/srv
[0.509s] -- Up-to-date: /home/emilio/ManchesterRobotics/ch1_ws/src/install/interfaces/include/interfaces/interfaces/srv/detail
[0.509s] -- Up-to-date: /home/emilio/ManchesterRobotics/ch1_ws/src/install/interfaces/include/interfaces/interfaces/srv/detail/dds_fastrtps
[0.509s] -- Up-to-date: /home/emilio/ManchesterRobotics/ch1_ws/src/install/interfaces/include/interfaces/interfaces/srv/detail/set_process_bool__rosidl_typesupport_fastrtps_cpp.hpp
[0.509s] -- Up-to-date: /home/emilio/ManchesterRobotics/ch1_ws/src/install/interfaces/include/interfaces/interfaces/msg
[0.509s] -- Up-to-date: /home/emilio/ManchesterRobotics/ch1_ws/src/install/interfaces/include/interfaces/interfaces/msg/rosidl_typesupport_fastrtps_cpp__visibility_control.h
[0.509s] -- Up-to-date: /home/emilio/ManchesterRobotics/ch1_ws/src/install/interfaces/lib/libinterfaces__rosidl_typesupport_fastrtps_cpp.so
[0.509s] -- Up-to-date: /home/emilio/ManchesterRobotics/ch1_ws/src/install/interfaces/include/interfaces/interfaces
[0.509s] -- Up-to-date: /home/emilio/ManchesterRobotics/ch1_ws/src/install/interfaces/include/interfaces/interfaces/srv
[0.509s] -- Up-to-date: /home/emilio/ManchesterRobotics/ch1_ws/src/install/interfaces/include/interfaces/interfaces/srv/detail
[0.509s] -- Up-to-date: /home/emilio/ManchesterRobotics/ch1_ws/src/install/interfaces/include/interfaces/interfaces/srv/detail/set_process_bool__type_support.cpp
[0.509s] -- Up-to-date: /home/emilio/ManchesterRobotics/ch1_ws/src/install/interfaces/include/interfaces/interfaces/srv/detail/set_process_bool__rosidl_typesupport_introspection_cpp.hpp
[0.509s] -- Up-to-date: /home/emilio/ManchesterRobotics/ch1_ws/src/install/interfaces/lib/libinterfaces__rosidl_typesupport_introspection_cpp.so
[0.509s] -- Up-to-date: /home/emilio/ManchesterRobotics/ch1_ws/src/install/interfaces/lib/libinterfaces__rosidl_typesupport_cpp.so
[0.509s] -- Up-to-date: /home/emilio/ManchesterRobotics/ch1_ws/src/install/interfaces/share/interfaces/environment/pythonpath.sh
[0.509s] -- Up-to-date: /home/emilio/ManchesterRobotics/ch1_ws/src/install/interfaces/share/interfaces/environment/pythonpath.dsv
[0.509s] -- Up-to-date: /home/emilio/ManchesterRobotics/ch1_ws/src/install/interfaces/local/lib/python3.10/dist-packages/interfaces-0.0.0-py3.10.egg-info
[0.509s] -- Installing: /home/emilio/ManchesterRobotics/ch1_ws/src/install/interfaces/local/lib/python3.10/dist-packages/interfaces-0.0.0-py3.10.egg-info/PKG-INFO
[0.509s] -- Installing: /home/emilio/ManchesterRobotics/ch1_ws/src/install/interfaces/local/lib/python3.10/dist-packages/interfaces-0.0.0-py3.10.egg-info/top_level.txt
[0.510s] -- Installing: /home/emilio/ManchesterRobotics/ch1_ws/src/install/interfaces/local/lib/python3.10/dist-packages/interfaces-0.0.0-py3.10.egg-info/dependency_links.txt
[0.510s] -- Installing: /home/emilio/ManchesterRobotics/ch1_ws/src/install/interfaces/local/lib/python3.10/dist-packages/interfaces-0.0.0-py3.10.egg-info/SOURCES.txt
[0.510s] -- Up-to-date: /home/emilio/ManchesterRobotics/ch1_ws/src/install/interfaces/local/lib/python3.10/dist-packages/interfaces
[0.510s] -- Up-to-date: /home/emilio/ManchesterRobotics/ch1_ws/src/install/interfaces/local/lib/python3.10/dist-packages/interfaces/libinterfaces__rosidl_generator_py.so
[0.510s] -- Up-to-date: /home/emilio/ManchesterRobotics/ch1_ws/src/install/interfaces/local/lib/python3.10/dist-packages/interfaces/srv
[0.510s] -- Up-to-date: /home/emilio/ManchesterRobotics/ch1_ws/src/install/interfaces/local/lib/python3.10/dist-packages/interfaces/srv/_set_process_bool.py
[0.510s] -- Up-to-date: /home/emilio/ManchesterRobotics/ch1_ws/src/install/interfaces/local/lib/python3.10/dist-packages/interfaces/srv/_set_process_bool_s.c
[0.510s] -- Up-to-date: /home/emilio/ManchesterRobotics/ch1_ws/src/install/interfaces/local/lib/python3.10/dist-packages/interfaces/srv/__init__.py
[0.510s] -- Up-to-date: /home/emilio/ManchesterRobotics/ch1_ws/src/install/interfaces/local/lib/python3.10/dist-packages/interfaces/interfaces_s__rosidl_typesupport_fastrtps_c.cpython-310-x86_64-linux-gnu.so
[0.510s] -- Up-to-date: /home/emilio/ManchesterRobotics/ch1_ws/src/install/interfaces/local/lib/python3.10/dist-packages/interfaces/_interfaces_s.ep.rosidl_typesupport_introspection_c.c
[0.510s] -- Up-to-date: /home/emilio/ManchesterRobotics/ch1_ws/src/install/interfaces/local/lib/python3.10/dist-packages/interfaces/interfaces_s__rosidl_typesupport_c.cpython-310-x86_64-linux-gnu.so
[0.510s] -- Up-to-date: /home/emilio/ManchesterRobotics/ch1_ws/src/install/interfaces/local/lib/python3.10/dist-packages/interfaces/_interfaces_s.ep.rosidl_typesupport_fastrtps_c.c
[0.510s] -- Up-to-date: /home/emilio/ManchesterRobotics/ch1_ws/src/install/interfaces/local/lib/python3.10/dist-packages/interfaces/interfaces_s__rosidl_typesupport_introspection_c.cpython-310-x86_64-linux-gnu.so
[0.510s] -- Up-to-date: /home/emilio/ManchesterRobotics/ch1_ws/src/install/interfaces/local/lib/python3.10/dist-packages/interfaces/_interfaces_s.ep.rosidl_typesupport_c.c
[0.510s] -- Up-to-date: /home/emilio/ManchesterRobotics/ch1_ws/src/install/interfaces/local/lib/python3.10/dist-packages/interfaces/__init__.py
[0.536s] Listing '/home/emilio/ManchesterRobotics/ch1_ws/src/install/interfaces/local/lib/python3.10/dist-packages/interfaces'...
[0.536s] Listing '/home/emilio/ManchesterRobotics/ch1_ws/src/install/interfaces/local/lib/python3.10/dist-packages/interfaces/srv'...
[0.539s] -- Up-to-date: /home/emilio/ManchesterRobotics/ch1_ws/src/install/interfaces/local/lib/python3.10/dist-packages/interfaces/interfaces_s__rosidl_typesupport_fastrtps_c.cpython-310-x86_64-linux-gnu.so
[0.539s] -- Up-to-date: /home/emilio/ManchesterRobotics/ch1_ws/src/install/interfaces/local/lib/python3.10/dist-packages/interfaces/interfaces_s__rosidl_typesupport_introspection_c.cpython-310-x86_64-linux-gnu.so
[0.540s] -- Up-to-date: /home/emilio/ManchesterRobotics/ch1_ws/src/install/interfaces/local/lib/python3.10/dist-packages/interfaces/interfaces_s__rosidl_typesupport_c.cpython-310-x86_64-linux-gnu.so
[0.540s] -- Up-to-date: /home/emilio/ManchesterRobotics/ch1_ws/src/install/interfaces/lib/libinterfaces__rosidl_generator_py.so
[0.540s] -- Up-to-date: /home/emilio/ManchesterRobotics/ch1_ws/src/install/interfaces/share/interfaces/srv/SetProcessBool.idl
[0.540s] -- Up-to-date: /home/emilio/ManchesterRobotics/ch1_ws/src/install/interfaces/share/interfaces/srv/SetProcessBool.srv
[0.540s] -- Up-to-date: /home/emilio/ManchesterRobotics/ch1_ws/src/install/interfaces/share/interfaces/srv/SetProcessBool_Request.msg
[0.540s] -- Up-to-date: /home/emilio/ManchesterRobotics/ch1_ws/src/install/interfaces/share/interfaces/srv/SetProcessBool_Response.msg
[0.540s] -- Up-to-date: /home/emilio/ManchesterRobotics/ch1_ws/src/install/interfaces/share/ament_index/resource_index/package_run_dependencies/interfaces
[0.540s] -- Up-to-date: /home/emilio/ManchesterRobotics/ch1_ws/src/install/interfaces/share/ament_index/resource_index/parent_prefix_path/interfaces
[0.541s] -- Up-to-date: /home/emilio/ManchesterRobotics/ch1_ws/src/install/interfaces/share/interfaces/environment/ament_prefix_path.sh
[0.541s] -- Up-to-date: /home/emilio/ManchesterRobotics/ch1_ws/src/install/interfaces/share/interfaces/environment/ament_prefix_path.dsv
[0.541s] -- Up-to-date: /home/emilio/ManchesterRobotics/ch1_ws/src/install/interfaces/share/interfaces/environment/path.sh
[0.541s] -- Up-to-date: /home/emilio/ManchesterRobotics/ch1_ws/src/install/interfaces/share/interfaces/environment/path.dsv
[0.541s] -- Up-to-date: /home/emilio/ManchesterRobotics/ch1_ws/src/install/interfaces/share/interfaces/local_setup.bash
[0.541s] -- Up-to-date: /home/emilio/ManchesterRobotics/ch1_ws/src/install/interfaces/share/interfaces/local_setup.sh
[0.541s] -- Up-to-date: /home/emilio/ManchesterRobotics/ch1_ws/src/install/interfaces/share/interfaces/local_setup.zsh
[0.541s] -- Up-to-date: /home/emilio/ManchesterRobotics/ch1_ws/src/install/interfaces/share/interfaces/local_setup.dsv
[0.541s] -- Installing: /home/emilio/ManchesterRobotics/ch1_ws/src/install/interfaces/share/interfaces/package.dsv
[0.541s] -- Up-to-date: /home/emilio/ManchesterRobotics/ch1_ws/src/install/interfaces/share/ament_index/resource_index/packages/interfaces
[0.541s] -- Up-to-date: /home/emilio/ManchesterRobotics/ch1_ws/src/install/interfaces/share/interfaces/cmake/export_interfaces__rosidl_generator_cExport.cmake
[0.541s] -- Up-to-date: /home/emilio/ManchesterRobotics/ch1_ws/src/install/interfaces/share/interfaces/cmake/export_interfaces__rosidl_generator_cExport-noconfig.cmake
[0.541s] -- Up-to-date: /home/emilio/ManchesterRobotics/ch1_ws/src/install/interfaces/share/interfaces/cmake/export_interfaces__rosidl_typesupport_fastrtps_cExport.cmake
[0.541s] -- Up-to-date: /home/emilio/ManchesterRobotics/ch1_ws/src/install/interfaces/share/interfaces/cmake/export_interfaces__rosidl_typesupport_fastrtps_cExport-noconfig.cmake
[0.541s] -- Up-to-date: /home/emilio/ManchesterRobotics/ch1_ws/src/install/interfaces/share/interfaces/cmake/interfaces__rosidl_typesupport_introspection_cExport.cmake
[0.541s] -- Up-to-date: /home/emilio/ManchesterRobotics/ch1_ws/src/install/interfaces/share/interfaces/cmake/interfaces__rosidl_typesupport_introspection_cExport-noconfig.cmake
[0.541s] -- Up-to-date: /home/emilio/ManchesterRobotics/ch1_ws/src/install/interfaces/share/interfaces/cmake/interfaces__rosidl_typesupport_cExport.cmake
[0.541s] -- Up-to-date: /home/emilio/ManchesterRobotics/ch1_ws/src/install/interfaces/share/interfaces/cmake/interfaces__rosidl_typesupport_cExport-noconfig.cmake
[0.541s] -- Up-to-date: /home/emilio/ManchesterRobotics/ch1_ws/src/install/interfaces/share/interfaces/cmake/export_interfaces__rosidl_generator_cppExport.cmake
[0.541s] -- Up-to-date: /home/emilio/ManchesterRobotics/ch1_ws/src/install/interfaces/share/interfaces/cmake/export_interfaces__rosidl_typesupport_fastrtps_cppExport.cmake
[0.541s] -- Up-to-date: /home/emilio/ManchesterRobotics/ch1_ws/src/install/interfaces/share/interfaces/cmake/export_interfaces__rosidl_typesupport_fastrtps_cppExport-noconfig.cmake
[0.542s] -- Up-to-date: /home/emilio/ManchesterRobotics/ch1_ws/src/install/interfaces/share/interfaces/cmake/interfaces__rosidl_typesupport_introspection_cppExport.cmake
[0.542s] -- Up-to-date: /home/emilio/ManchesterRobotics/ch1_ws/src/install/interfaces/share/interfaces/cmake/interfaces__rosidl_typesupport_introspection_cppExport-noconfig.cmake
[0.542s] -- Up-to-date: /home/emilio/ManchesterRobotics/ch1_ws/src/install/interfaces/share/interfaces/cmake/interfaces__rosidl_typesupport_cppExport.cmake
[0.542s] -- Up-to-date: /home/emilio/ManchesterRobotics/ch1_ws/src/install/interfaces/share/interfaces/cmake/interfaces__rosidl_typesupport_cppExport-noconfig.cmake
[0.542s] -- Up-to-date: /home/emilio/ManchesterRobotics/ch1_ws/src/install/interfaces/share/interfaces/cmake/export_interfaces__rosidl_generator_pyExport.cmake
[0.542s] -- Up-to-date: /home/emilio/ManchesterRobotics/ch1_ws/src/install/interfaces/share/interfaces/cmake/export_interfaces__rosidl_generator_pyExport-noconfig.cmake
[0.542s] -- Up-to-date: /home/emilio/ManchesterRobotics/ch1_ws/src/install/interfaces/share/interfaces/cmake/rosidl_cmake-extras.cmake
[0.542s] -- Up-to-date: /home/emilio/ManchesterRobotics/ch1_ws/src/install/interfaces/share/interfaces/cmake/ament_cmake_export_include_directories-extras.cmake
[0.542s] -- Up-to-date: /home/emilio/ManchesterRobotics/ch1_ws/src/install/interfaces/share/interfaces/cmake/ament_cmake_export_libraries-extras.cmake
[0.542s] -- Up-to-date: /home/emilio/ManchesterRobotics/ch1_ws/src/install/interfaces/share/interfaces/cmake/ament_cmake_export_targets-extras.cmake
[0.542s] -- Up-to-date: /home/emilio/ManchesterRobotics/ch1_ws/src/install/interfaces/share/interfaces/cmake/rosidl_cmake_export_typesupport_targets-extras.cmake
[0.542s] -- Up-to-date: /home/emilio/ManchesterRobotics/ch1_ws/src/install/interfaces/share/interfaces/cmake/ament_cmake_export_dependencies-extras.cmake
[0.542s] -- Up-to-date: /home/emilio/ManchesterRobotics/ch1_ws/src/install/interfaces/share/interfaces/cmake/rosidl_cmake_export_typesupport_libraries-extras.cmake
[0.542s] -- Up-to-date: /home/emilio/ManchesterRobotics/ch1_ws/src/install/interfaces/share/interfaces/cmake/interfacesConfig.cmake
[0.542s] -- Up-to-date: /home/emilio/ManchesterRobotics/ch1_ws/src/install/interfaces/share/interfaces/cmake/interfacesConfig-version.cmake
[0.542s] -- Up-to-date: /home/emilio/ManchesterRobotics/ch1_ws/src/install/interfaces/share/interfaces/package.xml
[0.544s] Invoked command in '/home/emilio/ManchesterRobotics/ch1_ws/src/build/interfaces' returned '0': CMAKE_PREFIX_PATH=${CMAKE_PREFIX_PATH}:/home/emilio/ManchesterRobotics/ch1_ws/src/install/motor_control:/home/emilio/ManchesterRobotics/ch1_ws/src/install/challenge1:/opt/ros/humble /usr/bin/cmake --install /home/emilio/ManchesterRobotics/ch1_ws/src/build/interfaces
