[0.458s] Invoking command in '/home/emilio/ManchesterRobotics/ch1_ws/src/challenge1': PYTHONPATH=/home/emilio/ManchesterRobotics/ch1_ws/src/build/challenge1/prefix_override:/usr/lib/python3/dist-packages/colcon_core/task/python/colcon_distutils_commands:/home/emilio/ManchesterRobotics/ch1_ws/src/install/challenge1/lib/python3.10/site-packages:${PYTHONPATH} /usr/bin/python3 -W ignore:setup.py install is deprecated -W ignore:easy_install command is deprecated setup.py egg_info --egg-base ../build/challenge1 build --build-base /home/emilio/ManchesterRobotics/ch1_ws/src/build/challenge1/build install --record /home/emilio/ManchesterRobotics/ch1_ws/src/build/challenge1/install.log --single-version-externally-managed install_data
[0.623s] running egg_info
[0.623s] writing ../build/challenge1/challenge1.egg-info/PKG-INFO
[0.624s] writing dependency_links to ../build/challenge1/challenge1.egg-info/dependency_links.txt
[0.624s] writing entry points to ../build/challenge1/challenge1.egg-info/entry_points.txt
[0.624s] writing requirements to ../build/challenge1/challenge1.egg-info/requires.txt
[0.624s] writing top-level names to ../build/challenge1/challenge1.egg-info/top_level.txt
[0.625s] reading manifest file '../build/challenge1/challenge1.egg-info/SOURCES.txt'
[0.625s] adding license file 'LICENSE'
[0.626s] writing manifest file '../build/challenge1/challenge1.egg-info/SOURCES.txt'
[0.626s] running build
[0.626s] running build_py
[0.626s] copying challenge1/signal_generator.py -> /home/emilio/ManchesterRobotics/ch1_ws/src/build/challenge1/build/lib/challenge1
[0.626s] copying challenge1/process_node.py -> /home/emilio/ManchesterRobotics/ch1_ws/src/build/challenge1/build/lib/challenge1
[0.627s] running install
[0.627s] running install_lib
[0.627s] copying /home/emilio/ManchesterRobotics/ch1_ws/src/build/challenge1/build/lib/challenge1/signal_generator.py -> /home/emilio/ManchesterRobotics/ch1_ws/src/install/challenge1/lib/python3.10/site-packages/challenge1
[0.627s] copying /home/emilio/ManchesterRobotics/ch1_ws/src/build/challenge1/build/lib/challenge1/process_node.py -> /home/emilio/ManchesterRobotics/ch1_ws/src/install/challenge1/lib/python3.10/site-packages/challenge1
[0.628s] byte-compiling /home/emilio/ManchesterRobotics/ch1_ws/src/install/challenge1/lib/python3.10/site-packages/challenge1/signal_generator.py to signal_generator.cpython-310.pyc
[0.628s] byte-compiling /home/emilio/ManchesterRobotics/ch1_ws/src/install/challenge1/lib/python3.10/site-packages/challenge1/process_node.py to process_node.cpython-310.pyc
[0.629s] running install_data
[0.629s] copying launch/challenge1_launch.py -> /home/emilio/ManchesterRobotics/ch1_ws/src/install/challenge1/share/challenge1/launch
[0.629s] running install_egg_info
[0.631s] removing '/home/emilio/ManchesterRobotics/ch1_ws/src/install/challenge1/lib/python3.10/site-packages/challenge1-0.0.0-py3.10.egg-info' (and everything under it)
[0.631s] Copying ../build/challenge1/challenge1.egg-info to /home/emilio/ManchesterRobotics/ch1_ws/src/install/challenge1/lib/python3.10/site-packages/challenge1-0.0.0-py3.10.egg-info
[0.632s] running install_scripts
[0.647s] Installing process_node script to /home/emilio/ManchesterRobotics/ch1_ws/src/install/challenge1/lib/challenge1
[0.647s] Installing signal_generator script to /home/emilio/ManchesterRobotics/ch1_ws/src/install/challenge1/lib/challenge1
[0.647s] writing list of installed files to '/home/emilio/ManchesterRobotics/ch1_ws/src/build/challenge1/install.log'
[0.663s] Invoked command in '/home/emilio/ManchesterRobotics/ch1_ws/src/challenge1' returned '0': PYTHONPATH=/home/emilio/ManchesterRobotics/ch1_ws/src/build/challenge1/prefix_override:/usr/lib/python3/dist-packages/colcon_core/task/python/colcon_distutils_commands:/home/emilio/ManchesterRobotics/ch1_ws/src/install/challenge1/lib/python3.10/site-packages:${PYTHONPATH} /usr/bin/python3 -W ignore:setup.py install is deprecated -W ignore:easy_install command is deprecated setup.py egg_info --egg-base ../build/challenge1 build --build-base /home/emilio/ManchesterRobotics/ch1_ws/src/build/challenge1/build install --record /home/emilio/ManchesterRobotics/ch1_ws/src/build/challenge1/install.log --single-version-externally-managed install_data
