[1.439s] Invoking command in '/home/emilio/ManchesterRobotics/ch1_ws/src/challenge1': PYTHONPATH=/home/emilio/ManchesterRobotics/ch1_ws/src/build/challenge1/prefix_override:/usr/lib/python3/dist-packages/colcon_core/task/python/colcon_distutils_commands:/home/emilio/ManchesterRobotics/ch1_ws/src/install/challenge1/lib/python3.10/site-packages: /usr/bin/python3 -W ignore:setup.py install is deprecated -W ignore:easy_install command is deprecated setup.py egg_info --egg-base ../build/challenge1 build --build-base /home/emilio/ManchesterRobotics/ch1_ws/src/build/challenge1/build install --record /home/emilio/ManchesterRobotics/ch1_ws/src/build/challenge1/install.log --single-version-externally-managed install_data
[1.573s] running egg_info
[1.573s] writing ../build/challenge1/challenge1.egg-info/PKG-INFO
[1.574s] writing dependency_links to ../build/challenge1/challenge1.egg-info/dependency_links.txt
[1.574s] writing entry points to ../build/challenge1/challenge1.egg-info/entry_points.txt
[1.574s] writing requirements to ../build/challenge1/challenge1.egg-info/requires.txt
[1.574s] writing top-level names to ../build/challenge1/challenge1.egg-info/top_level.txt
[1.575s] reading manifest file '../build/challenge1/challenge1.egg-info/SOURCES.txt'
[1.576s] adding license file 'LICENSE'
[1.576s] writing manifest file '../build/challenge1/challenge1.egg-info/SOURCES.txt'
[1.577s] running build
[1.577s] running build_py
[1.578s] running install
[1.579s] running install_lib
[1.580s] running install_data
[1.581s] running install_egg_info
[1.582s] removing '/home/emilio/ManchesterRobotics/ch1_ws/src/install/challenge1/lib/python3.10/site-packages/challenge1-0.0.0-py3.10.egg-info' (and everything under it)
[1.583s] Copying ../build/challenge1/challenge1.egg-info to /home/emilio/ManchesterRobotics/ch1_ws/src/install/challenge1/lib/python3.10/site-packages/challenge1-0.0.0-py3.10.egg-info
[1.584s] running install_scripts
[1.598s] Installing process_node script to /home/emilio/ManchesterRobotics/ch1_ws/src/install/challenge1/lib/challenge1
[1.599s] Installing signal_generator script to /home/emilio/ManchesterRobotics/ch1_ws/src/install/challenge1/lib/challenge1
[1.599s] writing list of installed files to '/home/emilio/ManchesterRobotics/ch1_ws/src/build/challenge1/install.log'
