[0.670s] Invoking command in '/home/emilio/ManchesterRobotics/ch1_ws/src/motor_control': PYTHONPATH=/home/emilio/ManchesterRobotics/ch1_ws/build/motor_control/prefix_override:/usr/lib/python3/dist-packages/colcon_core/task/python/colcon_distutils_commands:/home/emilio/ManchesterRobotics/ch1_ws/install/motor_control/lib/python3.10/site-packages:${PYTHONPATH} /usr/bin/python3 -W ignore:setup.py install is deprecated -W ignore:easy_install command is deprecated setup.py egg_info --egg-base ../../build/motor_control build --build-base /home/emilio/ManchesterRobotics/ch1_ws/build/motor_control/build install --record /home/emilio/ManchesterRobotics/ch1_ws/build/motor_control/install.log --single-version-externally-managed install_data
[0.849s] running egg_info
[0.849s] writing ../../build/motor_control/motor_control.egg-info/PKG-INFO
[0.851s] writing dependency_links to ../../build/motor_control/motor_control.egg-info/dependency_links.txt
[0.852s] writing entry points to ../../build/motor_control/motor_control.egg-info/entry_points.txt
[0.852s] writing requirements to ../../build/motor_control/motor_control.egg-info/requires.txt
[0.852s] writing top-level names to ../../build/motor_control/motor_control.egg-info/top_level.txt
[0.854s] reading manifest file '../../build/motor_control/motor_control.egg-info/SOURCES.txt'
[0.854s] adding license file 'LICENSE'
[0.855s] writing manifest file '../../build/motor_control/motor_control.egg-info/SOURCES.txt'
[0.856s] running build
[0.856s] running build_py
[0.856s] running install
[0.856s] running install_lib
[0.857s] running install_data
[0.857s] running install_egg_info
[0.859s] removing '/home/emilio/ManchesterRobotics/ch1_ws/install/motor_control/lib/python3.10/site-packages/motor_control-0.0.0-py3.10.egg-info' (and everything under it)
[0.859s] Copying ../../build/motor_control/motor_control.egg-info to /home/emilio/ManchesterRobotics/ch1_ws/install/motor_control/lib/python3.10/site-packages/motor_control-0.0.0-py3.10.egg-info
[0.860s] running install_scripts
[0.874s] Installing controller script to /home/emilio/ManchesterRobotics/ch1_ws/install/motor_control/lib/motor_control
[0.876s] Installing dc_motor script to /home/emilio/ManchesterRobotics/ch1_ws/install/motor_control/lib/motor_control
[0.880s] Installing set_point script to /home/emilio/ManchesterRobotics/ch1_ws/install/motor_control/lib/motor_control
[0.880s] writing list of installed files to '/home/emilio/ManchesterRobotics/ch1_ws/build/motor_control/install.log'
[0.915s] Invoked command in '/home/emilio/ManchesterRobotics/ch1_ws/src/motor_control' returned '0': PYTHONPATH=/home/emilio/ManchesterRobotics/ch1_ws/build/motor_control/prefix_override:/usr/lib/python3/dist-packages/colcon_core/task/python/colcon_distutils_commands:/home/emilio/ManchesterRobotics/ch1_ws/install/motor_control/lib/python3.10/site-packages:${PYTHONPATH} /usr/bin/python3 -W ignore:setup.py install is deprecated -W ignore:easy_install command is deprecated setup.py egg_info --egg-base ../../build/motor_control build --build-base /home/emilio/ManchesterRobotics/ch1_ws/build/motor_control/build install --record /home/emilio/ManchesterRobotics/ch1_ws/build/motor_control/install.log --single-version-externally-managed install_data
