[0.642s] Invoking command in '/home/emilio/ManchesterRobotics/ch1_ws/src/motor_control': PYTHONPATH=/home/emilio/ManchesterRobotics/ch1_ws/src/build/motor_control/prefix_override:/usr/lib/python3/dist-packages/colcon_core/task/python/colcon_distutils_commands:/home/emilio/ManchesterRobotics/ch1_ws/src/install/motor_control/lib/python3.10/site-packages:${PYTHONPATH} /usr/bin/python3 -W ignore:setup.py install is deprecated -W ignore:easy_install command is deprecated setup.py egg_info --egg-base ../build/motor_control build --build-base /home/emilio/ManchesterRobotics/ch1_ws/src/build/motor_control/build install --record /home/emilio/ManchesterRobotics/ch1_ws/src/build/motor_control/install.log --single-version-externally-managed install_data
[0.814s] running egg_info
[0.815s] writing ../build/motor_control/motor_control.egg-info/PKG-INFO
[0.815s] writing dependency_links to ../build/motor_control/motor_control.egg-info/dependency_links.txt
[0.815s] writing entry points to ../build/motor_control/motor_control.egg-info/entry_points.txt
[0.815s] writing requirements to ../build/motor_control/motor_control.egg-info/requires.txt
[0.815s] writing top-level names to ../build/motor_control/motor_control.egg-info/top_level.txt
[0.816s] reading manifest file '../build/motor_control/motor_control.egg-info/SOURCES.txt'
[0.816s] adding license file 'LICENSE'
[0.817s] writing manifest file '../build/motor_control/motor_control.egg-info/SOURCES.txt'
[0.817s] running build
[0.817s] running build_py
[0.817s] copying motor_control/dc_motor.py -> /home/emilio/ManchesterRobotics/ch1_ws/src/build/motor_control/build/lib/motor_control
[0.817s] running install
[0.818s] running install_lib
[0.818s] copying /home/emilio/ManchesterRobotics/ch1_ws/src/build/motor_control/build/lib/motor_control/dc_motor.py -> /home/emilio/ManchesterRobotics/ch1_ws/src/install/motor_control/lib/python3.10/site-packages/motor_control
[0.818s] byte-compiling /home/emilio/ManchesterRobotics/ch1_ws/src/install/motor_control/lib/python3.10/site-packages/motor_control/dc_motor.py to dc_motor.cpython-310.pyc
[0.819s] running install_data
[0.819s] running install_egg_info
[0.821s] removing '/home/emilio/ManchesterRobotics/ch1_ws/src/install/motor_control/lib/python3.10/site-packages/motor_control-0.0.0-py3.10.egg-info' (and everything under it)
[0.821s] Copying ../build/motor_control/motor_control.egg-info to /home/emilio/ManchesterRobotics/ch1_ws/src/install/motor_control/lib/python3.10/site-packages/motor_control-0.0.0-py3.10.egg-info
[0.822s] running install_scripts
[0.835s] Installing controller script to /home/emilio/ManchesterRobotics/ch1_ws/src/install/motor_control/lib/motor_control
[0.835s] Installing dc_motor script to /home/emilio/ManchesterRobotics/ch1_ws/src/install/motor_control/lib/motor_control
[0.835s] Installing set_point script to /home/emilio/ManchesterRobotics/ch1_ws/src/install/motor_control/lib/motor_control
[0.836s] writing list of installed files to '/home/emilio/ManchesterRobotics/ch1_ws/src/build/motor_control/install.log'
[0.854s] Invoked command in '/home/emilio/ManchesterRobotics/ch1_ws/src/motor_control' returned '0': PYTHONPATH=/home/emilio/ManchesterRobotics/ch1_ws/src/build/motor_control/prefix_override:/usr/lib/python3/dist-packages/colcon_core/task/python/colcon_distutils_commands:/home/emilio/ManchesterRobotics/ch1_ws/src/install/motor_control/lib/python3.10/site-packages:${PYTHONPATH} /usr/bin/python3 -W ignore:setup.py install is deprecated -W ignore:easy_install command is deprecated setup.py egg_info --egg-base ../build/motor_control build --build-base /home/emilio/ManchesterRobotics/ch1_ws/src/build/motor_control/build install --record /home/emilio/ManchesterRobotics/ch1_ws/src/build/motor_control/install.log --single-version-externally-managed install_data
