running egg_info
creating ../../build/challenge1/challenge1.egg-info
writing ../../build/challenge1/challenge1.egg-info/PKG-INFO
writing dependency_links to ../../build/challenge1/challenge1.egg-info/dependency_links.txt
writing entry points to ../../build/challenge1/challenge1.egg-info/entry_points.txt
writing requirements to ../../build/challenge1/challenge1.egg-info/requires.txt
writing top-level names to ../../build/challenge1/challenge1.egg-info/top_level.txt
writing manifest file '../../build/challenge1/challenge1.egg-info/SOURCES.txt'
reading manifest file '../../build/challenge1/challenge1.egg-info/SOURCES.txt'
adding license file 'LICENSE'
writing manifest file '../../build/challenge1/challenge1.egg-info/SOURCES.txt'
running build
running build_py
creating /home/emilio/ManchesterRobotics/ch1_ws/build/challenge1/build
creating /home/emilio/ManchesterRobotics/ch1_ws/build/challenge1/build/lib
creating /home/emilio/ManchesterRobotics/ch1_ws/build/challenge1/build/lib/challenge1
copying challenge1/signal_generator.py -> /home/emilio/ManchesterRobotics/ch1_ws/build/challenge1/build/lib/challenge1
copying challenge1/process_node.py -> /home/emilio/ManchesterRobotics/ch1_ws/build/challenge1/build/lib/challenge1
copying challenge1/__init__.py -> /home/emilio/ManchesterRobotics/ch1_ws/build/challenge1/build/lib/challenge1
running install
running install_lib
creating /home/emilio/ManchesterRobotics/ch1_ws/install/challenge1/lib/python3.10/site-packages/challenge1
copying /home/emilio/ManchesterRobotics/ch1_ws/build/challenge1/build/lib/challenge1/signal_generator.py -> /home/emilio/ManchesterRobotics/ch1_ws/install/challenge1/lib/python3.10/site-packages/challenge1
copying /home/emilio/ManchesterRobotics/ch1_ws/build/challenge1/build/lib/challenge1/process_node.py -> /home/emilio/ManchesterRobotics/ch1_ws/install/challenge1/lib/python3.10/site-packages/challenge1
copying /home/emilio/ManchesterRobotics/ch1_ws/build/challenge1/build/lib/challenge1/__init__.py -> /home/emilio/ManchesterRobotics/ch1_ws/install/challenge1/lib/python3.10/site-packages/challenge1
byte-compiling /home/emilio/ManchesterRobotics/ch1_ws/install/challenge1/lib/python3.10/site-packages/challenge1/signal_generator.py to signal_generator.cpython-310.pyc
byte-compiling /home/emilio/ManchesterRobotics/ch1_ws/install/challenge1/lib/python3.10/site-packages/challenge1/process_node.py to process_node.cpython-310.pyc
byte-compiling /home/emilio/ManchesterRobotics/ch1_ws/install/challenge1/lib/python3.10/site-packages/challenge1/__init__.py to __init__.cpython-310.pyc
running install_data
creating /home/emilio/ManchesterRobotics/ch1_ws/install/challenge1/share/ament_index
creating /home/emilio/ManchesterRobotics/ch1_ws/install/challenge1/share/ament_index/resource_index
creating /home/emilio/ManchesterRobotics/ch1_ws/install/challenge1/share/ament_index/resource_index/packages
copying resource/challenge1 -> /home/emilio/ManchesterRobotics/ch1_ws/install/challenge1/share/ament_index/resource_index/packages
copying package.xml -> /home/emilio/ManchesterRobotics/ch1_ws/install/challenge1/share/challenge1
creating /home/emilio/ManchesterRobotics/ch1_ws/install/challenge1/share/challenge1/launch
copying launch/challenge1_launch.py -> /home/emilio/ManchesterRobotics/ch1_ws/install/challenge1/share/challenge1/launch
running install_egg_info
Copying ../../build/challenge1/challenge1.egg-info to /home/emilio/ManchesterRobotics/ch1_ws/install/challenge1/lib/python3.10/site-packages/challenge1-0.0.0-py3.10.egg-info
running install_scripts
writing list of installed files to '/home/emilio/ManchesterRobotics/ch1_ws/build/challenge1/install.log'
