[0.665s] Invoking command in '/home/emilio/ManchesterRobotics/ch1_ws/src/motor_control': PYTHONPATH=/home/emilio/ManchesterRobotics/ch1_ws/src/build/motor_control/prefix_override:/usr/lib/python3/dist-packages/colcon_core/task/python/colcon_distutils_commands:/home/emilio/ManchesterRobotics/ch1_ws/src/install/motor_control/lib/python3.10/site-packages:${PYTHONPATH} /usr/bin/python3 -W ignore:setup.py install is deprecated -W ignore:easy_install command is deprecated setup.py egg_info --egg-base ../build/motor_control build --build-base /home/emilio/ManchesterRobotics/ch1_ws/src/build/motor_control/build install --record /home/emilio/ManchesterRobotics/ch1_ws/src/build/motor_control/install.log --single-version-externally-managed install_data
[0.847s] running egg_info
[0.847s] writing ../build/motor_control/motor_control.egg-info/PKG-INFO
[0.860s] writing dependency_links to ../build/motor_control/motor_control.egg-info/dependency_links.txt
[0.860s] writing entry points to ../build/motor_control/motor_control.egg-info/entry_points.txt
[0.860s] writing requirements to ../build/motor_control/motor_control.egg-info/requires.txt
[0.861s] writing top-level names to ../build/motor_control/motor_control.egg-info/top_level.txt
[0.863s] reading manifest file '../build/motor_control/motor_control.egg-info/SOURCES.txt'
[0.864s] adding license file 'LICENSE'
[0.864s] writing manifest file '../build/motor_control/motor_control.egg-info/SOURCES.txt'
[0.865s] running build
[0.865s] running build_py
[0.865s] running install
[0.865s] running install_lib
[0.866s] running install_data
[0.866s] copying launch/motor_launch.py -> /home/emilio/ManchesterRobotics/ch1_ws/src/install/motor_control/share/motor_control/launch
[0.866s] running install_egg_info
[0.867s] removing '/home/emilio/ManchesterRobotics/ch1_ws/src/install/motor_control/lib/python3.10/site-packages/motor_control-0.0.0-py3.10.egg-info' (and everything under it)
[0.867s] Copying ../build/motor_control/motor_control.egg-info to /home/emilio/ManchesterRobotics/ch1_ws/src/install/motor_control/lib/python3.10/site-packages/motor_control-0.0.0-py3.10.egg-info
[0.868s] running install_scripts
[0.882s] Installing controller script to /home/emilio/ManchesterRobotics/ch1_ws/src/install/motor_control/lib/motor_control
[0.882s] Installing dc_motor script to /home/emilio/ManchesterRobotics/ch1_ws/src/install/motor_control/lib/motor_control
[0.882s] Installing set_point script to /home/emilio/ManchesterRobotics/ch1_ws/src/install/motor_control/lib/motor_control
[0.883s] writing list of installed files to '/home/emilio/ManchesterRobotics/ch1_ws/src/build/motor_control/install.log'
[0.903s] Invoked command in '/home/emilio/ManchesterRobotics/ch1_ws/src/motor_control' returned '0': PYTHONPATH=/home/emilio/ManchesterRobotics/ch1_ws/src/build/motor_control/prefix_override:/usr/lib/python3/dist-packages/colcon_core/task/python/colcon_distutils_commands:/home/emilio/ManchesterRobotics/ch1_ws/src/install/motor_control/lib/python3.10/site-packages:${PYTHONPATH} /usr/bin/python3 -W ignore:setup.py install is deprecated -W ignore:easy_install command is deprecated setup.py egg_info --egg-base ../build/motor_control build --build-base /home/emilio/ManchesterRobotics/ch1_ws/src/build/motor_control/build install --record /home/emilio/ManchesterRobotics/ch1_ws/src/build/motor_control/install.log --single-version-externally-managed install_data
